2025-05-15 14:56:20,408 - binance_client - INFO - Cliente Binance inicializado para trading (testnet: True)
2025-05-15 15:00:01,947 - binance_client - INFO - Cliente Binance inicializado para datos
2025-05-15 15:00:01,947 - binance_client - INFO - Cliente Binance inicializado para trading (testnet: True)
2025-05-15 15:05:56,321 - binance_client - INFO - Cliente Binance inicializado para datos
2025-05-15 15:05:56,322 - binance_client - INFO - Cliente Binance inicializado para trading (testnet: True)
2025-05-15 15:05:59,586 - binance_client - INFO - Cliente Binance inicializado para datos
2025-05-15 15:08:26,037 - binance_client - INFO - Cliente Binance inicializado para datos
2025-05-15 15:08:26,038 - binance_client - INFO - Cliente Binance inicializado para trading (testnet: True)
2025-05-15 15:08:29,511 - binance_client - INFO - Cliente Binance inicializado para datos
2025-05-15 15:08:37,917 - binance_client - INFO - Cliente Binance inicializado para datos
2025-05-15 15:08:41,366 - binance_client - INFO - Cliente Binance inicializado para datos
2025-05-15 15:08:43,535 - binance_client - INFO - Cliente Binance inicializado para datos
2025-05-15 15:09:12,047 - binance_client - INFO - Cliente Binance inicializado para datos
2025-05-15 15:09:12,047 - binance_client - INFO - Cliente Binance inicializado para trading (testnet: True)
2025-05-15 15:09:14,589 - binance_client - INFO - Cliente Binance inicializado para datos
2025-05-15 15:09:21,143 - binance_client - INFO - Cliente Binance inicializado para datos
2025-05-15 15:09:25,595 - binance_client - INFO - Cliente Binance inicializado para datos
2025-05-15 15:09:27,724 - binance_client - INFO - Cliente Binance inicializado para datos
2025-05-15 15:09:33,959 - binance_client - INFO - Cliente Binance inicializado para datos
2025-05-15 15:10:00,002 - binance_client - INFO - Cliente Binance inicializado para datos
2025-05-15 15:10:14,351 - binance_client - INFO - Cliente Binance inicializado para datos
2025-05-15 15:11:10,041 - binance_client - INFO - Cliente Binance inicializado para datos
2025-05-15 15:12:26,183 - binance_client - INFO - Cliente Binance inicializado para datos
2025-05-15 15:12:39,422 - binance_client - INFO - Cliente Binance inicializado para datos
2025-05-15 15:12:40,746 - binance_client - INFO - Cliente Binance inicializado para datos
2025-05-15 15:12:41,465 - binance_client - INFO - Cliente Binance inicializado para datos
2025-05-15 15:13:15,626 - binance_client - INFO - Cliente Binance inicializado para datos
2025-05-15 15:13:19,291 - binance_client - INFO - Cliente Binance inicializado para datos
2025-05-15 15:13:27,435 - binance_client - INFO - Cliente Binance inicializado para datos
2025-05-15 15:13:34,500 - binance_client - INFO - Cliente Binance inicializado para datos
2025-05-15 15:13:44,279 - binance_client - INFO - Cliente Binance inicializado para datos
2025-05-15 15:13:46,453 - binance_client - INFO - Cliente Binance inicializado para datos
2025-05-15 15:13:59,404 - binance_client - INFO - Cliente Binance inicializado para datos
2025-05-15 15:14:26,365 - binance_client - INFO - Cliente Binance inicializado para datos
2025-05-15 15:14:29,041 - binance_client - INFO - Cliente Binance inicializado para datos
2025-05-15 15:14:56,542 - binance_client - INFO - Cliente Binance inicializado para datos
2025-05-15 15:15:07,393 - binance_client - INFO - Cliente Binance inicializado para datos
2025-05-15 15:52:40,208 - binance_client - INFO - Cliente Binance inicializado para datos
2025-05-15 15:52:40,208 - binance_client - INFO - Cliente Binance inicializado para trading (testnet: True)
2025-05-15 15:52:44,113 - binance_client - INFO - Cliente Binance inicializado para datos
2025-05-15 15:52:53,490 - binance_client - INFO - Cliente Binance inicializado para datos
2025-05-15 15:52:56,857 - binance_client - INFO - Cliente Binance inicializado para datos
2025-05-15 15:52:59,064 - binance_client - INFO - Cliente Binance inicializado para datos
2025-05-15 15:53:06,313 - binance_client - INFO - Cliente Binance inicializado para datos
2025-05-15 15:53:14,950 - binance_client - INFO - Cliente Binance inicializado para datos
2025-05-15 15:53:19,818 - binance_client - INFO - Cliente Binance inicializado para datos
2025-05-15 15:53:21,573 - binance_client - INFO - Cliente Binance inicializado para datos
2025-05-15 15:53:23,577 - binance_client - INFO - Cliente Binance inicializado para datos
2025-05-15 15:54:01,423 - binance_client - INFO - Cliente Binance inicializado para datos
2025-05-15 15:54:03,604 - binance_client - INFO - Cliente Binance inicializado para datos
2025-05-15 15:54:15,182 - binance_client - INFO - Cliente Binance inicializado para datos
2025-05-15 15:54:33,989 - binance_client - INFO - Cliente Binance inicializado para datos
2025-05-15 15:54:36,351 - binance_client - INFO - Cliente Binance inicializado para datos
2025-05-15 15:54:47,015 - binance_client - INFO - Cliente Binance inicializado para datos
2025-05-15 16:11:09,078 - binance_client - INFO - Cliente Binance inicializado para datos
2025-05-15 16:11:09,078 - binance_client - INFO - Cliente Binance inicializado para trading (testnet: True)
2025-05-15 16:15:49,376 - binance_client - INFO - Cliente Binance inicializado para datos
2025-05-15 16:15:49,376 - binance_client - INFO - Cliente Binance inicializado para trading (testnet: True)
2025-05-15 16:24:02,223 - binance_client - INFO - Cliente Binance inicializado para datos
2025-05-15 16:24:02,223 - binance_client - INFO - Cliente Binance inicializado para trading (testnet: True)
2025-05-15 16:24:05,466 - binance_client - INFO - Cliente Binance inicializado para datos
2025-05-15 16:24:12,876 - binance_client - INFO - Cliente Binance inicializado para datos
2025-05-15 16:24:16,863 - binance_client - INFO - Cliente Binance inicializado para datos
2025-05-15 16:24:18,967 - binance_client - INFO - Cliente Binance inicializado para datos
2025-05-15 16:24:45,237 - binance_client - INFO - Cliente Binance inicializado para datos
2025-05-15 16:24:45,237 - binance_client - INFO - Cliente Binance inicializado para trading (testnet: True)
2025-05-15 16:24:47,987 - binance_client - INFO - Cliente Binance inicializado para datos
2025-05-15 16:24:56,281 - binance_client - INFO - Cliente Binance inicializado para datos
2025-05-15 16:25:01,720 - binance_client - INFO - Cliente Binance inicializado para datos
2025-05-15 16:25:03,820 - binance_client - INFO - Cliente Binance inicializado para datos
2025-05-15 16:25:07,587 - binance_client - INFO - Cliente Binance inicializado para datos
2025-05-15 16:25:15,190 - binance_client - INFO - Cliente Binance inicializado para datos
2025-05-15 16:25:18,313 - binance_client - INFO - Cliente Binance inicializado para datos
2025-05-15 16:25:27,179 - binance_client - INFO - Cliente Binance inicializado para datos
2025-05-15 16:25:47,858 - binance_client - INFO - Cliente Binance inicializado para datos
2025-05-15 16:26:05,096 - binance_client - INFO - Cliente Binance inicializado para datos
2025-05-15 16:26:07,304 - binance_client - INFO - Cliente Binance inicializado para datos
2025-05-15 16:26:14,464 - binance_client - INFO - Cliente Binance inicializado para datos
2025-05-15 16:26:40,743 - binance_client - INFO - Cliente Binance inicializado para datos
2025-05-15 16:26:42,896 - binance_client - INFO - Cliente Binance inicializado para datos
2025-05-15 16:26:50,528 - binance_client - INFO - Cliente Binance inicializado para datos
2025-05-15 16:41:10,989 - binance_client - INFO - Cliente Binance inicializado para datos
2025-05-15 16:41:10,989 - binance_client - INFO - Cliente Binance inicializado para trading (testnet: True)
2025-05-15 16:41:13,894 - binance_client - INFO - Cliente Binance inicializado para datos
2025-05-15 16:41:20,090 - binance_client - INFO - Cliente Binance inicializado para datos
2025-05-15 16:41:38,224 - binance_client - INFO - Cliente Binance inicializado para datos
2025-05-15 16:41:40,428 - binance_client - INFO - Cliente Binance inicializado para datos
2025-05-15 16:41:46,385 - binance_client - INFO - Cliente Binance inicializado para datos
2025-05-15 16:41:56,469 - binance_client - INFO - Cliente Binance inicializado para datos
2025-05-15 16:42:04,027 - binance_client - INFO - Cliente Binance inicializado para datos
2025-05-15 16:42:14,780 - binance_client - INFO - Cliente Binance inicializado para datos
2025-05-15 16:42:27,742 - binance_client - INFO - Cliente Binance inicializado para datos
2025-05-15 16:42:29,942 - binance_client - INFO - Cliente Binance inicializado para datos
2025-05-15 16:42:39,959 - binance_client - INFO - Cliente Binance inicializado para datos
2025-05-15 16:42:57,008 - binance_client - INFO - Cliente Binance inicializado para datos
2025-05-15 16:42:59,336 - binance_client - INFO - Cliente Binance inicializado para datos
2025-05-15 16:43:08,314 - binance_client - INFO - Cliente Binance inicializado para datos
2025-05-15 16:44:57,653 - binance_client - INFO - Cliente Binance inicializado para datos
2025-05-15 16:44:57,653 - binance_client - INFO - Cliente Binance inicializado para trading (testnet: True)
2025-05-15 16:45:00,775 - binance_client - INFO - Cliente Binance inicializado para datos
2025-05-15 16:45:06,334 - binance_client - INFO - Cliente Binance inicializado para datos
2025-05-15 16:45:09,246 - binance_client - INFO - Cliente Binance inicializado para datos
2025-05-15 16:45:11,401 - binance_client - INFO - Cliente Binance inicializado para datos
2025-05-15 16:45:14,637 - binance_client - INFO - Cliente Binance inicializado para datos
2025-05-15 16:45:26,856 - binance_client - INFO - Cliente Binance inicializado para datos
2025-05-15 16:45:29,643 - binance_client - INFO - Cliente Binance inicializado para datos
2025-05-15 16:45:44,900 - binance_client - INFO - Cliente Binance inicializado para datos
2025-05-15 16:46:04,415 - binance_client - INFO - Cliente Binance inicializado para datos
2025-05-15 16:46:06,565 - binance_client - INFO - Cliente Binance inicializado para datos
2025-05-15 16:46:14,236 - binance_client - INFO - Cliente Binance inicializado para datos
2025-05-15 16:46:55,664 - binance_client - ERROR - Error en solicitud a Binance ticker/price: HTTPSConnectionPool(host='api.binance.com', port=443): Read timed out. (read timeout=10)
Traceback (most recent call last):
  File "C:\Users\zamor\Bot_Arbitraje_Triangular_v2_CLINE\.venv\Lib\site-packages\urllib3\connectionpool.py", line 464, in _make_request
    self._validate_conn(conn)
    ~~~~~~~~~~~~~~~~~~~^^^^^^
  File "C:\Users\zamor\Bot_Arbitraje_Triangular_v2_CLINE\.venv\Lib\site-packages\urllib3\connectionpool.py", line 1093, in _validate_conn
    conn.connect()
    ~~~~~~~~~~~~^^
  File "C:\Users\zamor\Bot_Arbitraje_Triangular_v2_CLINE\.venv\Lib\site-packages\urllib3\connection.py", line 741, in connect
    sock_and_verified = _ssl_wrap_socket_and_match_hostname(
        sock=sock,
    ...<14 lines>...
        assert_fingerprint=self.assert_fingerprint,
    )
  File "C:\Users\zamor\Bot_Arbitraje_Triangular_v2_CLINE\.venv\Lib\site-packages\urllib3\connection.py", line 920, in _ssl_wrap_socket_and_match_hostname
    ssl_sock = ssl_wrap_socket(
        sock=sock,
    ...<8 lines>...
        tls_in_tls=tls_in_tls,
    )
  File "C:\Users\zamor\Bot_Arbitraje_Triangular_v2_CLINE\.venv\Lib\site-packages\urllib3\util\ssl_.py", line 480, in ssl_wrap_socket
    ssl_sock = _ssl_wrap_socket_impl(sock, context, tls_in_tls, server_hostname)
  File "C:\Users\zamor\Bot_Arbitraje_Triangular_v2_CLINE\.venv\Lib\site-packages\urllib3\util\ssl_.py", line 524, in _ssl_wrap_socket_impl
    return ssl_context.wrap_socket(sock, server_hostname=server_hostname)
           ~~~~~~~~~~~~~~~~~~~~~~~^^^^^^^^^^^^^^^^^^^^^^^^^^^^^^^^^^^^^^^
  File "C:\Users\zamor\AppData\Local\Programs\Python\Python313\Lib\ssl.py", line 455, in wrap_socket
    return self.sslsocket_class._create(
           ~~~~~~~~~~~~~~~~~~~~~~~~~~~~^
        sock=sock,
        ^^^^^^^^^^
    ...<5 lines>...
        session=session
        ^^^^^^^^^^^^^^^
    )
    ^
  File "C:\Users\zamor\AppData\Local\Programs\Python\Python313\Lib\ssl.py", line 1076, in _create
    self.do_handshake()
    ~~~~~~~~~~~~~~~~~^^
  File "C:\Users\zamor\AppData\Local\Programs\Python\Python313\Lib\ssl.py", line 1372, in do_handshake
    self._sslobj.do_handshake()
    ~~~~~~~~~~~~~~~~~~~~~~~~~^^
TimeoutError: _ssl.c:1011: The handshake operation timed out

The above exception was the direct cause of the following exception:

Traceback (most recent call last):
  File "C:\Users\zamor\Bot_Arbitraje_Triangular_v2_CLINE\.venv\Lib\site-packages\requests\adapters.py", line 667, in send
    resp = conn.urlopen(
        method=request.method,
    ...<9 lines>...
        chunked=chunked,
    )
  File "C:\Users\zamor\Bot_Arbitraje_Triangular_v2_CLINE\.venv\Lib\site-packages\urllib3\connectionpool.py", line 841, in urlopen
    retries = retries.increment(
        method, url, error=new_e, _pool=self, _stacktrace=sys.exc_info()[2]
    )
  File "C:\Users\zamor\Bot_Arbitraje_Triangular_v2_CLINE\.venv\Lib\site-packages\urllib3\util\retry.py", line 474, in increment
    raise reraise(type(error), error, _stacktrace)
          ~~~~~~~^^^^^^^^^^^^^^^^^^^^^^^^^^^^^^^^^
  File "C:\Users\zamor\Bot_Arbitraje_Triangular_v2_CLINE\.venv\Lib\site-packages\urllib3\util\util.py", line 39, in reraise
    raise value
  File "C:\Users\zamor\Bot_Arbitraje_Triangular_v2_CLINE\.venv\Lib\site-packages\urllib3\connectionpool.py", line 787, in urlopen
    response = self._make_request(
        conn,
    ...<10 lines>...
        **response_kw,
    )
  File "C:\Users\zamor\Bot_Arbitraje_Triangular_v2_CLINE\.venv\Lib\site-packages\urllib3\connectionpool.py", line 488, in _make_request
    raise new_e
  File "C:\Users\zamor\Bot_Arbitraje_Triangular_v2_CLINE\.venv\Lib\site-packages\urllib3\connectionpool.py", line 466, in _make_request
    self._raise_timeout(err=e, url=url, timeout_value=conn.timeout)
    ~~~~~~~~~~~~~~~~~~~^^^^^^^^^^^^^^^^^^^^^^^^^^^^^^^^^^^^^^^^^^^^
  File "C:\Users\zamor\Bot_Arbitraje_Triangular_v2_CLINE\.venv\Lib\site-packages\urllib3\connectionpool.py", line 367, in _raise_timeout
    raise ReadTimeoutError(
        self, url, f"Read timed out. (read timeout={timeout_value})"
    ) from err
urllib3.exceptions.ReadTimeoutError: HTTPSConnectionPool(host='api.binance.com', port=443): Read timed out. (read timeout=10)

During handling of the above exception, another exception occurred:

Traceback (most recent call last):
  File "C:\Users\zamor\Bot_Arbitraje_Triangular_v2_CLINE\src\apis\binance_client.py", line 205, in _make_api_request
    response = requests.get(url, headers=headers, params=params, timeout=self.timeout)
  File "C:\Users\zamor\Bot_Arbitraje_Triangular_v2_CLINE\.venv\Lib\site-packages\requests\api.py", line 73, in get
    return request("get", url, params=params, **kwargs)
  File "C:\Users\zamor\Bot_Arbitraje_Triangular_v2_CLINE\.venv\Lib\site-packages\requests\api.py", line 59, in request
    return session.request(method=method, url=url, **kwargs)
           ~~~~~~~~~~~~~~~^^^^^^^^^^^^^^^^^^^^^^^^^^^^^^^^^^
  File "C:\Users\zamor\Bot_Arbitraje_Triangular_v2_CLINE\.venv\Lib\site-packages\requests\sessions.py", line 589, in request
    resp = self.send(prep, **send_kwargs)
  File "C:\Users\zamor\Bot_Arbitraje_Triangular_v2_CLINE\.venv\Lib\site-packages\requests\sessions.py", line 703, in send
    r = adapter.send(request, **kwargs)
  File "C:\Users\zamor\Bot_Arbitraje_Triangular_v2_CLINE\.venv\Lib\site-packages\requests\adapters.py", line 713, in send
    raise ReadTimeout(e, request=request)
requests.exceptions.ReadTimeout: HTTPSConnectionPool(host='api.binance.com', port=443): Read timed out. (read timeout=10)
2025-05-15 16:49:10,601 - binance_client - INFO - Cliente Binance inicializado para datos
2025-05-15 16:49:13,371 - binance_client - INFO - Cliente Binance inicializado para datos
2025-05-15 16:49:19,501 - binance_client - INFO - Cliente Binance inicializado para datos
2025-05-15 16:49:23,504 - binance_client - INFO - Cliente Binance inicializado para datos
2025-05-15 16:49:25,725 - binance_client - INFO - Cliente Binance inicializado para datos
2025-05-15 16:49:32,648 - binance_client - INFO - Cliente Binance inicializado para datos
2025-05-15 16:49:45,933 - binance_client - INFO - Cliente Binance inicializado para datos
2025-05-15 16:49:48,239 - binance_client - INFO - Cliente Binance inicializado para datos
2025-05-15 16:49:55,977 - binance_client - INFO - Cliente Binance inicializado para datos
2025-05-15 19:57:22,007 - binance_client - INFO - Cliente Binance inicializado para datos
2025-05-15 19:57:22,007 - binance_client - INFO - Cliente Binance inicializado para trading (testnet: True)
2025-05-15 19:57:27,603 - binance_client - INFO - Cliente Binance inicializado para datos
2025-05-15 19:57:36,053 - binance_client - INFO - Cliente Binance inicializado para datos
2025-05-15 19:57:39,711 - binance_client - INFO - Cliente Binance inicializado para datos
2025-05-15 19:57:42,264 - binance_client - INFO - Cliente Binance inicializado para datos
2025-05-15 19:58:56,754 - binance_client - INFO - Cliente Binance inicializado para datos
2025-05-15 20:00:11,754 - binance_client - INFO - Cliente Binance inicializado para datos
2025-05-15 20:00:16,486 - binance_client - INFO - Cliente Binance inicializado para datos
2025-05-15 20:00:46,939 - binance_client - INFO - Cliente Binance inicializado para datos
2025-05-15 20:00:49,111 - binance_client - INFO - Cliente Binance inicializado para datos
2025-05-15 20:01:01,668 - binance_client - INFO - Cliente Binance inicializado para datos
2025-05-15 20:01:15,132 - binance_client - INFO - Cliente Binance inicializado para datos
2025-05-15 20:01:17,304 - binance_client - INFO - Cliente Binance inicializado para datos
2025-05-15 20:01:40,286 - binance_client - INFO - Cliente Binance inicializado para datos
2025-05-15 20:02:39,293 - binance_client - INFO - Cliente Binance inicializado para datos
2025-05-15 20:02:42,121 - binance_client - INFO - Cliente Binance inicializado para datos
2025-05-15 20:16:17,156 - binance_client - INFO - Cliente Binance inicializado para datos
2025-05-15 20:16:17,157 - binance_client - INFO - Cliente Binance inicializado para trading (testnet: True)
2025-05-15 20:16:20,013 - binance_client - INFO - Cliente Binance inicializado para datos
2025-05-15 20:16:24,947 - binance_client - INFO - Cliente Binance inicializado para datos
2025-05-15 20:16:29,099 - binance_client - INFO - Cliente Binance inicializado para datos
2025-05-15 20:16:31,216 - binance_client - INFO - Cliente Binance inicializado para datos
2025-05-15 20:16:41,857 - binance_client - INFO - Cliente Binance inicializado para datos
2025-05-15 20:17:03,694 - binance_client - INFO - Cliente Binance inicializado para datos
2025-05-15 20:17:06,012 - binance_client - INFO - Cliente Binance inicializado para datos
2025-05-15 20:17:15,567 - binance_client - INFO - Cliente Binance inicializado para datos
2025-05-15 20:17:17,838 - binance_client - INFO - Cliente Binance inicializado para datos
2025-05-15 20:17:27,910 - binance_client - INFO - Cliente Binance inicializado para datos
2025-05-15 20:17:45,171 - binance_client - INFO - Cliente Binance inicializado para datos
2025-05-15 20:17:47,372 - binance_client - INFO - Cliente Binance inicializado para datos
2025-05-15 20:18:01,514 - binance_client - INFO - Cliente Binance inicializado para datos
2025-05-15 20:18:15,222 - binance_client - INFO - Cliente Binance inicializado para datos
2025-05-15 20:18:17,368 - binance_client - INFO - Cliente Binance inicializado para datos
2025-05-15 20:18:31,661 - binance_client - INFO - Cliente Binance inicializado para datos
2025-05-15 20:18:37,260 - binance_client - INFO - Cliente Binance inicializado para datos
2025-05-15 20:18:45,786 - binance_client - INFO - Cliente Binance inicializado para datos
2025-05-15 20:18:46,490 - binance_client - INFO - Cliente Binance inicializado para datos
2025-05-15 20:18:47,286 - binance_client - INFO - Cliente Binance inicializado para datos
2025-05-15 20:18:48,239 - binance_client - INFO - Cliente Binance inicializado para datos
2025-05-15 20:19:04,259 - binance_client - INFO - Cliente Binance inicializado para datos
2025-05-15 20:19:06,446 - binance_client - INFO - Cliente Binance inicializado para datos
2025-05-15 20:19:17,516 - binance_client - INFO - Cliente Binance inicializado para datos
2025-05-15 20:19:19,738 - binance_client - INFO - Cliente Binance inicializado para datos
2025-05-15 20:19:25,108 - binance_client - INFO - Cliente Binance inicializado para datos
2025-05-15 20:19:27,342 - binance_client - INFO - Cliente Binance inicializado para datos
2025-05-15 20:20:51,810 - binance_client - INFO - Cliente Binance inicializado para datos
2025-05-15 20:21:54,972 - binance_client - INFO - Cliente Binance inicializado para datos
2025-05-15 20:21:57,259 - binance_client - INFO - Cliente Binance inicializado para datos
2025-05-15 20:22:52,580 - binance_client - INFO - Cliente Binance inicializado para datos
2025-05-15 20:24:11,151 - binance_client - INFO - Cliente Binance inicializado para datos
2025-05-15 20:24:13,434 - binance_client - INFO - Cliente Binance inicializado para datos
2025-05-15 20:24:30,810 - binance_client - INFO - Cliente Binance inicializado para datos
2025-05-15 20:24:33,061 - binance_client - INFO - Cliente Binance inicializado para datos
2025-05-15 20:24:45,904 - binance_client - INFO - Cliente Binance inicializado para datos
2025-05-15 20:24:54,305 - binance_client - INFO - Cliente Binance inicializado para datos
2025-05-15 20:24:58,057 - binance_client - INFO - Cliente Binance inicializado para datos
2025-05-15 20:25:07,970 - binance_client - INFO - Cliente Binance inicializado para datos
2025-05-15 20:25:13,532 - binance_client - INFO - Cliente Binance inicializado para datos
2025-05-15 20:25:36,472 - binance_client - INFO - Cliente Binance inicializado para datos
2025-05-15 20:25:37,229 - binance_client - INFO - Cliente Binance inicializado para datos
2025-05-15 20:25:37,627 - binance_client - INFO - Cliente Binance inicializado para datos
2025-05-15 20:25:38,046 - binance_client - INFO - Cliente Binance inicializado para datos
2025-05-15 20:25:38,772 - binance_client - INFO - Cliente Binance inicializado para datos
2025-05-15 20:25:40,178 - binance_client - INFO - Cliente Binance inicializado para datos
2025-05-15 20:25:40,802 - binance_client - INFO - Cliente Binance inicializado para datos
2025-05-15 20:25:41,708 - binance_client - INFO - Cliente Binance inicializado para datos
2025-05-15 20:25:42,610 - binance_client - INFO - Cliente Binance inicializado para datos
2025-05-15 20:25:47,382 - binance_client - INFO - Cliente Binance inicializado para datos
2025-05-15 20:26:10,358 - binance_client - INFO - Cliente Binance inicializado para datos
2025-05-15 20:26:10,452 - binance_client - INFO - Cliente Binance inicializado para datos
2025-05-15 20:26:11,977 - binance_client - INFO - Cliente Binance inicializado para datos
2025-05-15 20:26:19,585 - binance_client - INFO - Cliente Binance inicializado para datos
2025-05-15 20:26:21,868 - binance_client - INFO - Cliente Binance inicializado para datos
2025-05-15 20:26:33,498 - binance_client - INFO - Cliente Binance inicializado para datos
2025-05-15 20:26:45,424 - binance_client - INFO - Cliente Binance inicializado para datos
2025-05-15 20:26:47,644 - binance_client - INFO - Cliente Binance inicializado para datos
2025-05-15 20:26:58,120 - binance_client - INFO - Cliente Binance inicializado para datos
2025-05-15 20:27:24,574 - binance_client - INFO - Cliente Binance inicializado para datos
2025-05-15 20:27:26,756 - binance_client - INFO - Cliente Binance inicializado para datos
2025-05-15 20:28:07,645 - binance_client - INFO - Cliente Binance inicializado para datos
2025-05-15 20:28:09,737 - binance_client - INFO - Cliente Binance inicializado para datos
2025-05-15 20:28:17,733 - binance_client - INFO - Cliente Binance inicializado para datos
2025-05-15 20:28:36,347 - binance_client - INFO - Cliente Binance inicializado para datos
2025-05-15 20:28:49,368 - binance_client - INFO - Cliente Binance inicializado para datos
2025-05-15 20:28:53,793 - binance_client - INFO - Cliente Binance inicializado para datos
2025-05-15 20:29:05,179 - binance_client - INFO - Cliente Binance inicializado para datos
2025-05-15 20:29:11,539 - binance_client - INFO - Cliente Binance inicializado para datos
2025-05-15 20:29:19,322 - binance_client - INFO - Cliente Binance inicializado para datos
2025-05-15 20:29:22,690 - binance_client - INFO - Cliente Binance inicializado para datos
2025-05-15 20:29:24,024 - binance_client - INFO - Cliente Binance inicializado para datos
2025-05-15 20:29:28,161 - binance_client - INFO - Cliente Binance inicializado para datos
2025-05-15 20:29:30,377 - binance_client - INFO - Cliente Binance inicializado para datos
2025-05-15 20:29:39,045 - binance_client - INFO - Cliente Binance inicializado para datos
2025-05-15 20:35:19,165 - binance_client - INFO - Cliente Binance inicializado para datos
2025-05-15 20:35:21,776 - binance_client - INFO - Cliente Binance inicializado para datos
2025-05-15 20:35:34,214 - binance_client - INFO - Cliente Binance inicializado para datos
2025-05-15 21:06:35,616 - binance_client - INFO - Cliente Binance inicializado para datos
2025-05-15 21:06:35,617 - binance_client - INFO - Cliente Binance inicializado para trading (testnet: True)
2025-05-15 21:06:39,621 - binance_client - INFO - Cliente Binance inicializado para datos
2025-05-15 21:06:44,334 - binance_client - INFO - Cliente Binance inicializado para datos
2025-05-15 21:06:48,522 - binance_client - INFO - Cliente Binance inicializado para datos
2025-05-15 21:06:50,713 - binance_client - INFO - Cliente Binance inicializado para datos
2025-05-15 21:06:57,633 - binance_client - INFO - Cliente Binance inicializado para datos
2025-05-15 21:07:16,406 - binance_client - INFO - Cliente Binance inicializado para datos
2025-05-15 21:07:22,775 - binance_client - INFO - Cliente Binance inicializado para datos
2025-05-15 21:07:29,151 - binance_client - INFO - Cliente Binance inicializado para datos
2025-05-15 21:08:11,531 - binance_client - INFO - Cliente Binance inicializado para datos
2025-05-15 21:08:18,975 - binance_client - INFO - Cliente Binance inicializado para datos
2025-05-15 21:08:33,359 - binance_client - INFO - Cliente Binance inicializado para datos
2025-05-15 21:08:35,503 - binance_client - INFO - Cliente Binance inicializado para datos
2025-05-15 21:08:52,737 - binance_client - INFO - Cliente Binance inicializado para datos
2025-05-15 21:09:23,418 - binance_client - INFO - Cliente Binance inicializado para datos
2025-05-15 21:09:25,630 - binance_client - INFO - Cliente Binance inicializado para datos
2025-05-15 21:09:40,299 - binance_client - INFO - Cliente Binance inicializado para datos
2025-05-15 21:10:11,270 - binance_client - INFO - Cliente Binance inicializado para datos
2025-05-15 21:10:27,397 - binance_client - INFO - Cliente Binance inicializado para datos
2025-05-15 21:10:29,626 - binance_client - INFO - Cliente Binance inicializado para datos
2025-05-15 21:12:25,286 - binance_client - INFO - Cliente Binance inicializado para datos
2025-05-15 21:12:57,440 - binance_client - INFO - Cliente Binance inicializado para datos
2025-05-15 21:13:00,212 - binance_client - INFO - Cliente Binance inicializado para datos
2025-05-15 21:13:45,041 - binance_client - INFO - Cliente Binance inicializado para datos
2025-05-15 21:13:47,468 - binance_client - INFO - Cliente Binance inicializado para datos
2025-05-15 21:14:01,560 - binance_client - INFO - Cliente Binance inicializado para datos
2025-05-15 21:14:03,881 - binance_client - INFO - Cliente Binance inicializado para datos
2025-05-15 21:14:10,695 - binance_client - INFO - Cliente Binance inicializado para datos
2025-05-15 21:14:14,418 - binance_client - INFO - Cliente Binance inicializado para datos
2025-05-15 21:14:24,051 - binance_client - INFO - Cliente Binance inicializado para datos
2025-05-15 21:16:02,001 - binance_client - INFO - Cliente Binance inicializado para datos
2025-05-15 21:16:04,813 - binance_client - INFO - Cliente Binance inicializado para datos
2025-05-15 21:16:26,068 - binance_client - INFO - Cliente Binance inicializado para datos
2025-05-15 21:16:40,959 - binance_client - INFO - Cliente Binance inicializado para datos
2025-05-15 21:17:03,759 - binance_client - INFO - Cliente Binance inicializado para datos
2025-05-15 21:17:06,028 - binance_client - INFO - Cliente Binance inicializado para datos
2025-05-15 21:17:28,315 - binance_client - INFO - Cliente Binance inicializado para datos
2025-05-15 21:17:39,758 - binance_client - INFO - Cliente Binance inicializado para datos
2025-05-15 21:18:06,475 - binance_client - INFO - Cliente Binance inicializado para datos
2025-05-15 21:18:09,072 - binance_client - INFO - Cliente Binance inicializado para datos
2025-05-15 21:18:47,156 - binance_client - INFO - Cliente Binance inicializado para datos
2025-05-15 23:37:35,558 - binance_client - INFO - Cliente Binance inicializado para datos
2025-05-15 23:37:35,559 - binance_client - INFO - Cliente Binance inicializado para trading (testnet: True)
2025-05-15 23:37:40,988 - binance_client - INFO - Cliente Binance inicializado para datos
2025-05-15 23:37:47,495 - binance_client - INFO - Cliente Binance inicializado para datos
2025-05-15 23:59:48,072 - binance_client - INFO - Cliente Binance inicializado para datos
2025-05-15 23:59:51,108 - binance_client - INFO - Cliente Binance inicializado para datos
2025-05-16 00:00:04,832 - binance_client - INFO - Cliente Binance inicializado para datos
2025-05-16 00:00:15,064 - binance_client - INFO - Cliente Binance inicializado para datos
2025-05-16 00:00:19,079 - binance_client - INFO - Cliente Binance inicializado para datos
2025-05-16 00:00:28,412 - binance_client - INFO - Cliente Binance inicializado para datos
2025-05-16 00:00:30,651 - binance_client - INFO - Cliente Binance inicializado para datos
2025-05-16 00:00:37,022 - binance_client - INFO - Cliente Binance inicializado para datos
2025-05-16 00:00:39,266 - binance_client - INFO - Cliente Binance inicializado para datos
2025-05-16 00:00:57,368 - binance_client - INFO - Cliente Binance inicializado para datos
2025-05-16 00:01:43,435 - binance_client - INFO - Cliente Binance inicializado para datos
2025-05-16 00:01:46,043 - binance_client - INFO - Cliente Binance inicializado para datos
2025-05-16 00:02:21,855 - binance_client - INFO - Cliente Binance inicializado para datos
2025-05-16 00:02:58,839 - binance_client - INFO - Cliente Binance inicializado para datos
2025-05-16 00:03:01,117 - binance_client - INFO - Cliente Binance inicializado para datos
2025-05-16 00:11:54,621 - binance_client - INFO - Cliente Binance inicializado para datos
2025-05-16 00:11:57,210 - binance_client - INFO - Cliente Binance inicializado para datos
2025-05-16 00:12:11,859 - binance_client - INFO - Cliente Binance inicializado para datos
2025-05-16 00:12:14,048 - binance_client - INFO - Cliente Binance inicializado para datos
2025-05-16 00:12:18,998 - binance_client - INFO - Cliente Binance inicializado para datos
2025-05-16 00:12:31,107 - binance_client - INFO - Cliente Binance inicializado para datos
2025-05-16 00:12:35,694 - binance_client - INFO - Cliente Binance inicializado para datos
2025-05-16 00:12:40,216 - binance_client - INFO - Cliente Binance inicializado para datos
2025-05-16 00:12:45,304 - binance_client - INFO - Cliente Binance inicializado para datos
2025-05-16 00:13:08,223 - binance_client - INFO - Cliente Binance inicializado para datos
2025-05-16 00:13:10,642 - binance_client - INFO - Cliente Binance inicializado para datos
2025-05-16 00:13:18,200 - binance_client - INFO - Cliente Binance inicializado para datos
2025-05-16 00:13:29,616 - binance_client - INFO - Cliente Binance inicializado para datos
2025-05-16 00:13:32,145 - binance_client - INFO - Cliente Binance inicializado para datos
2025-05-16 00:14:02,758 - binance_client - INFO - Cliente Binance inicializado para datos
2025-05-16 00:14:05,287 - binance_client - INFO - Cliente Binance inicializado para datos
2025-05-16 00:14:12,993 - binance_client - INFO - Cliente Binance inicializado para datos
2025-05-16 00:14:15,450 - binance_client - INFO - Cliente Binance inicializado para datos
2025-05-16 00:14:27,710 - binance_client - INFO - Cliente Binance inicializado para datos
2025-05-16 00:14:29,096 - binance_client - INFO - Cliente Binance inicializado para datos
2025-05-16 00:14:43,113 - binance_client - INFO - Cliente Binance inicializado para datos
2025-05-16 00:14:44,012 - binance_client - INFO - Cliente Binance inicializado para datos
2025-05-16 00:15:05,612 - binance_client - INFO - Cliente Binance inicializado para datos
2025-05-16 00:15:14,180 - binance_client - INFO - Cliente Binance inicializado para datos
2025-05-16 00:15:25,525 - binance_client - INFO - Cliente Binance inicializado para datos
2025-05-16 00:15:32,722 - binance_client - INFO - Cliente Binance inicializado para datos
2025-05-16 00:15:36,946 - binance_client - INFO - Cliente Binance inicializado para datos
2025-05-16 00:15:40,062 - binance_client - INFO - Cliente Binance inicializado para datos
2025-05-16 00:15:43,995 - binance_client - INFO - Cliente Binance inicializado para datos
2025-05-16 00:16:23,207 - binance_client - INFO - Cliente Binance inicializado para datos
2025-05-16 00:16:35,172 - binance_client - INFO - Cliente Binance inicializado para datos
2025-05-16 00:16:35,618 - binance_client - INFO - Cliente Binance inicializado para datos
2025-05-16 00:16:36,420 - binance_client - INFO - Cliente Binance inicializado para datos
2025-05-16 00:17:10,151 - binance_client - INFO - Cliente Binance inicializado para datos
2025-05-16 00:17:32,781 - binance_client - INFO - Cliente Binance inicializado para datos
2025-05-16 00:17:33,500 - binance_client - INFO - Cliente Binance inicializado para datos
2025-05-16 00:17:34,104 - binance_client - INFO - Cliente Binance inicializado para datos
2025-05-16 00:17:34,747 - binance_client - INFO - Cliente Binance inicializado para datos
2025-05-16 00:17:35,013 - binance_client - INFO - Cliente Binance inicializado para datos
2025-05-16 00:17:35,569 - binance_client - INFO - Cliente Binance inicializado para datos
2025-05-16 00:17:36,144 - binance_client - INFO - Cliente Binance inicializado para datos
2025-05-16 00:18:02,595 - binance_client - INFO - Cliente Binance inicializado para datos
2025-05-16 00:18:05,010 - binance_client - INFO - Cliente Binance inicializado para datos
2025-05-16 00:18:10,825 - binance_client - INFO - Cliente Binance inicializado para datos
2025-05-16 00:18:19,170 - binance_client - INFO - Cliente Binance inicializado para datos
2025-05-16 00:18:21,814 - binance_client - INFO - Cliente Binance inicializado para datos
2025-05-16 00:18:30,064 - binance_client - INFO - Cliente Binance inicializado para datos
2025-05-16 00:18:32,491 - binance_client - INFO - Cliente Binance inicializado para datos
2025-05-16 00:19:04,855 - binance_client - INFO - Cliente Binance inicializado para datos
2025-05-16 01:20:49,353 - binance_client - INFO - Cliente Binance inicializado para datos
2025-05-16 01:20:50,666 - binance_client - INFO - Cliente Binance inicializado para datos
2025-05-16 01:24:46,739 - binance_client - INFO - Cliente Binance inicializado para datos
2025-05-16 01:47:53,850 - binance_client - INFO - Cliente Binance inicializado para datos
2025-05-16 01:48:25,640 - binance_client - INFO - Cliente Binance inicializado para datos
2025-05-16 01:48:25,730 - binance_client - INFO - Cliente Binance inicializado para datos
