2025-05-14 10:18:28,945 - binance_client - INFO - Cliente Binance inicializado para datos
2025-05-14 10:18:28,946 - binance_client - INFO - Cliente Binance inicializado para trading (testnet: True)
2025-05-14 10:18:29,892 - binance_client - INFO - Obtenidos 1426 símbolos de trading en Binance
2025-05-14 10:57:15,232 - binance_client - INFO - Cliente Binance inicializado para datos
2025-05-14 10:57:15,233 - binance_client - INFO - Cliente Binance inicializado para trading (testnet: True)
2025-05-14 10:58:21,616 - binance_client - INFO - Obtenidos 1426 símbolos de trading en Binance
2025-05-14 11:16:17,151 - binance_client - INFO - Cliente Binance inicializado para datos
2025-05-14 11:16:17,152 - binance_client - INFO - Cliente Binance inicializado para trading (testnet: True)
2025-05-14 11:17:40,565 - binance_client - INFO - Obtenidos 1426 símbolos de trading en Binance
2025-05-14 23:17:07,401 - binance_client - INFO - Cliente Binance inicializado para datos
2025-05-14 23:17:07,402 - binance_client - INFO - Cliente Binance inicializado para trading (testnet: True)
2025-05-14 23:17:40,546 - binance_client - INFO - Obtenidos 1426 símbolos de trading en Binance
2025-05-14 23:18:21,145 - binance_client - INFO - Cliente Binance inicializado para datos
2025-05-14 23:18:21,145 - binance_client - INFO - Cliente Binance inicializado para trading (testnet: True)
2025-05-14 23:18:40,515 - binance_client - ERROR - Error en solicitud a Binance exchangeInfo: HTTPSConnectionPool(host='api.binance.com', port=443): Read timed out.
Traceback (most recent call last):
  File "C:\Users\zamor\Bot_Arbitraje_Triangular_v2_CLINE\.venv\Lib\site-packages\urllib3\response.py", line 754, in _error_catcher
    yield
  File "C:\Users\zamor\Bot_Arbitraje_Triangular_v2_CLINE\.venv\Lib\site-packages\urllib3\response.py", line 879, in _raw_read
    data = self._fp_read(amt, read1=read1) if not fp_closed else b""
           ~~~~~~~~~~~~~^^^^^^^^^^^^^^^^^^
  File "C:\Users\zamor\Bot_Arbitraje_Triangular_v2_CLINE\.venv\Lib\site-packages\urllib3\response.py", line 862, in _fp_read
    return self._fp.read(amt) if amt is not None else self._fp.read()
           ~~~~~~~~~~~~~^^^^^
  File "C:\Users\zamor\AppData\Local\Programs\Python\Python313\Lib\http\client.py", line 479, in read
    s = self.fp.read(amt)
  File "C:\Users\zamor\AppData\Local\Programs\Python\Python313\Lib\socket.py", line 719, in readinto
    return self._sock.recv_into(b)
           ~~~~~~~~~~~~~~~~~~~~^^^
  File "C:\Users\zamor\AppData\Local\Programs\Python\Python313\Lib\ssl.py", line 1304, in recv_into
    return self.read(nbytes, buffer)
           ~~~~~~~~~^^^^^^^^^^^^^^^^
  File "C:\Users\zamor\AppData\Local\Programs\Python\Python313\Lib\ssl.py", line 1138, in read
    return self._sslobj.read(len, buffer)
           ~~~~~~~~~~~~~~~~~^^^^^^^^^^^^^
TimeoutError: The read operation timed out

The above exception was the direct cause of the following exception:

Traceback (most recent call last):
  File "C:\Users\zamor\Bot_Arbitraje_Triangular_v2_CLINE\.venv\Lib\site-packages\requests\models.py", line 820, in generate
    yield from self.raw.stream(chunk_size, decode_content=True)
  File "C:\Users\zamor\Bot_Arbitraje_Triangular_v2_CLINE\.venv\Lib\site-packages\urllib3\response.py", line 1066, in stream
    data = self.read(amt=amt, decode_content=decode_content)
  File "C:\Users\zamor\Bot_Arbitraje_Triangular_v2_CLINE\.venv\Lib\site-packages\urllib3\response.py", line 955, in read
    data = self._raw_read(amt)
  File "C:\Users\zamor\Bot_Arbitraje_Triangular_v2_CLINE\.venv\Lib\site-packages\urllib3\response.py", line 878, in _raw_read
    with self._error_catcher():
         ~~~~~~~~~~~~~~~~~~~^^
  File "C:\Users\zamor\AppData\Local\Programs\Python\Python313\Lib\contextlib.py", line 162, in __exit__
    self.gen.throw(value)
    ~~~~~~~~~~~~~~^^^^^^^
  File "C:\Users\zamor\Bot_Arbitraje_Triangular_v2_CLINE\.venv\Lib\site-packages\urllib3\response.py", line 759, in _error_catcher
    raise ReadTimeoutError(self._pool, None, "Read timed out.") from e  # type: ignore[arg-type]
    ^^^^^^^^^^^^^^^^^^^^^^^^^^^^^^^^^^^^^^^^^^^^^^^^^^^^^^^^^^^^^^^^^^
urllib3.exceptions.ReadTimeoutError: HTTPSConnectionPool(host='api.binance.com', port=443): Read timed out.

During handling of the above exception, another exception occurred:

Traceback (most recent call last):
  File "C:\Users\zamor\Bot_Arbitraje_Triangular_v2_CLINE\src\apis\binance_client.py", line 205, in _make_api_request
    response = requests.get(url, headers=headers, params=params, timeout=self.timeout)
  File "C:\Users\zamor\Bot_Arbitraje_Triangular_v2_CLINE\.venv\Lib\site-packages\requests\api.py", line 73, in get
    return request("get", url, params=params, **kwargs)
  File "C:\Users\zamor\Bot_Arbitraje_Triangular_v2_CLINE\.venv\Lib\site-packages\requests\api.py", line 59, in request
    return session.request(method=method, url=url, **kwargs)
           ~~~~~~~~~~~~~~~^^^^^^^^^^^^^^^^^^^^^^^^^^^^^^^^^^
  File "C:\Users\zamor\Bot_Arbitraje_Triangular_v2_CLINE\.venv\Lib\site-packages\requests\sessions.py", line 589, in request
    resp = self.send(prep, **send_kwargs)
  File "C:\Users\zamor\Bot_Arbitraje_Triangular_v2_CLINE\.venv\Lib\site-packages\requests\sessions.py", line 746, in send
    r.content
  File "C:\Users\zamor\Bot_Arbitraje_Triangular_v2_CLINE\.venv\Lib\site-packages\requests\models.py", line 902, in content
    self._content = b"".join(self.iter_content(CONTENT_CHUNK_SIZE)) or b""
                    ~~~~~~~~^^^^^^^^^^^^^^^^^^^^^^^^^^^^^^^^^^^^^^^
  File "C:\Users\zamor\Bot_Arbitraje_Triangular_v2_CLINE\.venv\Lib\site-packages\requests\models.py", line 826, in generate
    raise ConnectionError(e)
requests.exceptions.ConnectionError: HTTPSConnectionPool(host='api.binance.com', port=443): Read timed out.
2025-05-14 23:53:25,481 - binance_client - INFO - Cliente Binance inicializado para datos
2025-05-14 23:53:25,482 - binance_client - INFO - Cliente Binance inicializado para trading (testnet: True)
