2025-05-13 00:35:38,588 - filtrado - INFO - Iniciando proceso de filtrado de tokens...
2025-05-13 00:35:38,588 - filtrado - INFO - Obteniendo tokens desde Mobula...
2025-05-13 00:35:42,926 - filtrado - INFO - Obteniendo tokens desde CoinGecko...
2025-05-13 00:35:43,374 - filtrado - INFO - Total de tokens obtenidos: 0
2025-05-13 00:35:43,374 - filtrado - INFO - Filtrando tokens con market cap >= $500.0M...
2025-05-13 00:35:43,374 - filtrado - INFO - Tokens despuÈs del filtro de market cap: 0
2025-05-13 00:35:43,374 - filtrado - INFO - Obteniendo sÌmbolos disponibles en Binance...
2025-05-13 00:35:44,551 - filtrado - INFO - Tokens base disponibles en Binance: 396
2025-05-13 00:35:44,551 - filtrado - INFO - Tokens quote disponibles en Binance: ['ETH', 'USDT', 'BTC', 'BNB']
2025-05-13 00:35:44,552 - filtrado - INFO - Tokens disponibles en Binance: 0
2025-05-13 00:35:44,552 - filtrado - INFO - Filtrando tokens por rendimiento (1h >= 0.5%, 24h >= 3.0%, 7d >= 10.0%)...
2025-05-13 00:35:44,552 - filtrado - INFO - Tokens despuÈs del filtro de rendimiento: 0
2025-05-13 00:35:44,552 - filtrado - INFO - Filtrando tokens con volumen en Binance >= $1.0M...
2025-05-13 00:35:44,553 - filtrado - INFO - Tokens despuÈs del filtro de volumen: 0
2025-05-13 00:35:44,553 - filtrado - INFO - Guardando 0 tokens en Supabase...
2025-05-13 00:35:44,553 - filtrado - INFO - Tokens guardados en Supabase: 0
2025-05-13 00:35:44,553 - filtrado - INFO - Proceso de filtrado completado: {'tokens_iniciales': 0, 'tokens_filtrados': 0, 'tokens_guardados': 0, 'tiempo_ejecucion': 5.97}
2025-05-13 00:36:32,389 - filtrado - INFO - Iniciando proceso de filtrado de tokens...
2025-05-13 00:36:32,389 - filtrado - INFO - Obteniendo tokens desde Mobula...
2025-05-13 00:36:32,786 - filtrado - INFO - Obteniendo tokens desde CoinGecko...
2025-05-13 00:36:33,132 - filtrado - INFO - Total de tokens obtenidos: 0
2025-05-13 00:36:33,132 - filtrado - INFO - Filtrando tokens con market cap >= $500.0M...
2025-05-13 00:36:33,132 - filtrado - INFO - Tokens despuÈs del filtro de market cap: 0
2025-05-13 00:36:33,132 - filtrado - INFO - Obteniendo sÌmbolos disponibles en Binance...
2025-05-13 00:36:34,103 - filtrado - INFO - Tokens base disponibles en Binance: 396
2025-05-13 00:36:34,104 - filtrado - INFO - Tokens quote disponibles en Binance: ['ETH', 'BNB', 'USDT', 'BTC']
2025-05-13 00:36:34,104 - filtrado - INFO - Tokens disponibles en Binance: 0
2025-05-13 00:36:34,104 - filtrado - INFO - Filtrando tokens por rendimiento (1h >= 0.5%, 24h >= 3.0%, 7d >= 10.0%)...
2025-05-13 00:36:34,104 - filtrado - INFO - Tokens despuÈs del filtro de rendimiento: 0
2025-05-13 00:36:34,104 - filtrado - INFO - Filtrando tokens con volumen en Binance >= $1.0M...
2025-05-13 00:36:34,104 - filtrado - INFO - Tokens despuÈs del filtro de volumen: 0
2025-05-13 00:36:34,105 - filtrado - INFO - Guardando 0 tokens en Supabase...
2025-05-13 00:36:34,105 - filtrado - INFO - Tokens guardados en Supabase: 0
2025-05-13 00:36:34,105 - filtrado - INFO - Proceso de filtrado completado: {'tokens_iniciales': 0, 'tokens_filtrados': 0, 'tokens_guardados': 0, 'tiempo_ejecucion': 1.72}
2025-05-13 00:50:17,761 - filtrado - INFO - Iniciando proceso de filtrado de tokens...
2025-05-13 00:50:17,761 - filtrado - INFO - Obteniendo tokens desde Mobula...
2025-05-13 00:50:18,346 - filtrado - INFO - Obteniendo tokens desde CoinGecko...
2025-05-13 00:50:22,462 - filtrado - INFO - Total de tokens obtenidos: 0
2025-05-13 00:50:22,462 - filtrado - INFO - Filtrando tokens con market cap >= $500.0M...
2025-05-13 00:50:22,462 - filtrado - INFO - Tokens despuÈs del filtro de market cap: 0
2025-05-13 00:50:22,462 - filtrado - INFO - Obteniendo sÌmbolos disponibles en Binance...
2025-05-13 00:50:23,355 - filtrado - INFO - Tokens base disponibles en Binance: 396
2025-05-13 00:50:23,355 - filtrado - INFO - Tokens quote disponibles en Binance: ['ETH', 'BNB', 'BTC', 'USDT']
2025-05-13 00:50:23,355 - filtrado - INFO - Tokens disponibles en Binance: 0
2025-05-13 00:50:23,355 - filtrado - INFO - Filtrando tokens por rendimiento (1h >= 0.5%, 24h >= 3.0%, 7d >= 10.0%)...
2025-05-13 00:50:23,356 - filtrado - INFO - Tokens despuÈs del filtro de rendimiento: 0
2025-05-13 00:50:23,356 - filtrado - INFO - Filtrando tokens con volumen en Binance >= $1.0M...
2025-05-13 00:50:23,356 - filtrado - INFO - Tokens despuÈs del filtro de volumen: 0
2025-05-13 00:50:23,356 - filtrado - INFO - Guardando 0 tokens en Supabase...
2025-05-13 00:50:23,356 - filtrado - INFO - Tokens guardados en Supabase: 0
2025-05-13 00:50:23,356 - filtrado - INFO - Proceso de filtrado completado: {'tokens_iniciales': 0, 'tokens_filtrados': 0, 'tokens_guardados': 0, 'tiempo_ejecucion': 5.59}
2025-05-13 16:32:14,608 - filtrado - INFO - Iniciando proceso de filtrado de tokens...
2025-05-13 16:32:14,608 - filtrado - INFO - Obteniendo tokens desde Mobula...
2025-05-13 16:32:15,259 - filtrado - INFO - Obteniendo tokens desde CoinGecko...
2025-05-13 16:32:15,977 - filtrado - INFO - Total de tokens obtenidos: 0
2025-05-13 16:32:15,977 - filtrado - INFO - Filtrando tokens con market cap >= $500.0M...
2025-05-13 16:32:15,978 - filtrado - INFO - Tokens despu√©s del filtro de market cap: 0
2025-05-13 16:32:15,978 - filtrado - INFO - Obteniendo s√≠mbolos disponibles en Binance...
2025-05-13 16:32:16,954 - filtrado - INFO - Tokens base disponibles en Binance: 397
2025-05-13 16:32:16,954 - filtrado - INFO - Tokens quote disponibles en Binance: ['USDT', 'BTC', 'ETH', 'BNB']
2025-05-13 16:32:16,954 - filtrado - INFO - Tokens disponibles en Binance: 0
2025-05-13 16:32:16,958 - filtrado - INFO - Filtrando tokens por rendimiento (1h >= 0.5%, 24h >= 3.0%, 7d >= 10.0%)...
2025-05-13 16:32:16,958 - filtrado - INFO - Tokens despu√©s del filtro de rendimiento: 0
2025-05-13 16:32:16,958 - filtrado - INFO - Filtrando tokens con volumen en Binance >= $1.0M...
2025-05-13 16:32:16,958 - filtrado - INFO - Tokens despu√©s del filtro de volumen: 0
2025-05-13 16:32:16,959 - filtrado - INFO - Guardando 0 tokens en Supabase...
2025-05-13 16:32:16,959 - filtrado - INFO - Tokens guardados en Supabase: 0
2025-05-13 16:32:16,959 - filtrado - INFO - Proceso de filtrado completado: {'tokens_iniciales': 0, 'tokens_filtrados': 0, 'tokens_guardados': 0, 'tiempo_ejecucion': 2.35}
