2025-05-13 00:35:37,690 - main - INFO - Entorno inicializado correctamente
2025-05-13 00:35:37,691 - main - INFO - Iniciando Bot de Arbitraje Triangular en modo: all
2025-05-13 00:35:37,691 - main - INFO - Modo test: Desactivado
2025-05-13 00:35:38,588 - main - INFO - Iniciando proceso de filtrado de tokens...
2025-05-13 00:35:44,553 - main - INFO - Filtrado de tokens completado. 0 tokens candidatos identificados.
2025-05-13 00:35:44,926 - main - INFO - Iniciando proceso de detección de oportunidades...
2025-05-13 00:35:49,557 - main - INFO - Detección de oportunidades completada. 442 oportunidades encontradas.
2025-05-13 00:35:49,559 - main - INFO - Tareas programadas configuradas
2025-05-13 00:36:31,715 - main - INFO - Entorno inicializado correctamente
2025-05-13 00:36:31,716 - main - INFO - Iniciando Bot de Arbitraje Triangular en modo: all
2025-05-13 00:36:31,716 - main - INFO - Modo test: Desactivado
2025-05-13 00:36:32,389 - main - INFO - Iniciando proceso de filtrado de tokens...
2025-05-13 00:36:34,105 - main - INFO - Filtrado de tokens completado. 0 tokens candidatos identificados.
2025-05-13 00:36:34,194 - main - INFO - Iniciando proceso de detección de oportunidades...
2025-05-13 00:36:58,291 - main - INFO - Detección de oportunidades completada. 442 oportunidades encontradas.
2025-05-13 00:36:58,292 - main - INFO - Tareas programadas configuradas
2025-05-13 00:36:58,463 - main - INFO - Iniciando servidor API...
2025-05-13 00:38:57,719 - main - INFO - Señal de terminación recibida. Cerrando el bot...
2025-05-13 00:50:17,069 - main - INFO - Entorno inicializado correctamente
2025-05-13 00:50:17,069 - main - INFO - Iniciando Bot de Arbitraje Triangular en modo: all
2025-05-13 00:50:17,070 - main - INFO - Modo test: Desactivado
2025-05-13 00:50:17,761 - main - INFO - Iniciando proceso de filtrado de tokens...
2025-05-13 00:50:23,356 - main - INFO - Filtrado de tokens completado. 0 tokens candidatos identificados.
2025-05-13 00:50:23,437 - main - INFO - Iniciando proceso de detección de oportunidades...
2025-05-13 00:50:26,932 - main - INFO - Detección de oportunidades completada. 442 oportunidades encontradas.
2025-05-13 00:50:26,932 - main - INFO - Tareas programadas configuradas
2025-05-13 00:50:27,067 - main - INFO - Iniciando servidor API...
2025-05-13 00:51:08,491 - main - INFO - Señal de terminación recibida. Cerrando el bot...
2025-05-13 16:32:13,754 - main - INFO - Entorno inicializado correctamente
2025-05-13 16:32:13,754 - main - INFO - Iniciando Bot de Arbitraje Triangular en modo: all
2025-05-13 16:32:13,754 - main - INFO - Modo test: Desactivado
2025-05-13 16:32:14,608 - main - INFO - Iniciando proceso de filtrado de tokens...
2025-05-13 16:32:16,959 - main - INFO - Filtrado de tokens completado. 0 tokens candidatos identificados.
