2025-05-15 12:55:01,533 - mobula_client - INFO - Obtenidos 27804 tokens desde Mobula usando /all endpoint
2025-05-15 12:55:44,563 - mobula_client - INFO - Cliente Mobula inicializado correctamente
2025-05-15 12:56:49,673 - mobula_client - INFO - Cliente Mobula inicializado correctamente
2025-05-15 12:57:25,566 - mobula_client - INFO - Cliente Mobula inicializado correctamente
2025-05-15 12:57:27,487 - mobula_client - INFO - Cliente Mobula inicializado correctamente
2025-05-15 12:57:30,475 - mobula_client - INFO - Cliente Mobula inicializado correctamente
2025-05-15 12:57:31,410 - mobula_client - INFO - Cliente Mobula inicializado correctamente
2025-05-15 12:57:32,693 - mobula_client - INFO - Cliente Mobula inicializado correctamente
2025-05-15 12:57:34,615 - mobula_client - INFO - Cliente Mobula inicializado correctamente
2025-05-15 12:57:44,377 - mobula_client - INFO - Cliente Mobula inicializado correctamente
2025-05-15 12:58:11,951 - mobula_client - INFO - Cliente Mobula inicializado correctamente
2025-05-15 12:58:55,588 - mobula_client - INFO - Cliente Mobula inicializado correctamente
2025-05-15 12:59:01,780 - mobula_client - INFO - Cliente Mobula inicializado correctamente
2025-05-15 13:00:37,524 - mobula_client - INFO - Cliente Mobula inicializado correctamente
2025-05-15 13:02:35,383 - mobula_client - INFO - Cliente Mobula inicializado correctamente
2025-05-15 13:02:42,834 - mobula_client - INFO - Cliente Mobula inicializado correctamente
2025-05-15 13:02:49,232 - mobula_client - INFO - Cliente Mobula inicializado correctamente
2025-05-15 13:02:54,535 - mobula_client - INFO - Cliente Mobula inicializado correctamente
2025-05-15 13:03:49,542 - mobula_client - INFO - Cliente Mobula inicializado correctamente
2025-05-15 13:04:12,035 - mobula_client - INFO - Cliente Mobula inicializado correctamente
2025-05-15 13:04:16,186 - mobula_client - INFO - Cliente Mobula inicializado correctamente
2025-05-15 13:04:22,830 - mobula_client - INFO - Cliente Mobula inicializado correctamente
2025-05-15 13:04:36,929 - mobula_client - INFO - Cliente Mobula inicializado correctamente
2025-05-15 13:05:01,345 - mobula_client - INFO - Cliente Mobula inicializado correctamente
2025-05-15 13:05:36,955 - mobula_client - INFO - Cliente Mobula inicializado correctamente
2025-05-15 13:28:47,116 - mobula_client - INFO - Cliente Mobula inicializado correctamente
2025-05-15 13:28:47,156 - mobula_client - INFO - Cliente Mobula inicializado correctamente
2025-05-15 13:28:49,501 - mobula_client - INFO - Cliente Mobula inicializado correctamente
2025-05-15 13:28:50,164 - mobula_client - INFO - Cliente Mobula inicializado correctamente
2025-05-15 13:28:50,221 - mobula_client - INFO - Cliente Mobula inicializado correctamente
2025-05-15 13:29:00,069 - mobula_client - INFO - Cliente Mobula inicializado correctamente
2025-05-15 13:30:20,174 - mobula_client - INFO - Cliente Mobula inicializado correctamente
2025-05-15 13:32:00,976 - mobula_client - INFO - Cliente Mobula inicializado correctamente
2025-05-15 13:32:03,665 - mobula_client - INFO - Cliente Mobula inicializado correctamente
2025-05-15 13:32:36,939 - mobula_client - INFO - Cliente Mobula inicializado correctamente
2025-05-15 13:32:37,721 - mobula_client - INFO - Cliente Mobula inicializado correctamente
2025-05-15 13:32:53,610 - mobula_client - INFO - Cliente Mobula inicializado correctamente
2025-05-15 13:32:54,737 - mobula_client - INFO - Cliente Mobula inicializado correctamente
2025-05-15 13:32:54,788 - mobula_client - INFO - Cliente Mobula inicializado correctamente
2025-05-15 13:33:13,585 - mobula_client - INFO - Cliente Mobula inicializado correctamente
2025-05-15 13:33:17,361 - mobula_client - INFO - Cliente Mobula inicializado correctamente
2025-05-15 13:33:21,662 - mobula_client - INFO - Cliente Mobula inicializado correctamente
2025-05-15 13:34:50,506 - mobula_client - INFO - Cliente Mobula inicializado correctamente
2025-05-15 13:34:52,775 - mobula_client - INFO - Cliente Mobula inicializado correctamente
2025-05-15 13:34:56,297 - mobula_client - INFO - Cliente Mobula inicializado correctamente
2025-05-15 13:34:56,993 - mobula_client - INFO - Cliente Mobula inicializado correctamente
2025-05-15 13:34:57,050 - mobula_client - INFO - Cliente Mobula inicializado correctamente
2025-05-15 13:35:00,904 - mobula_client - INFO - Cliente Mobula inicializado correctamente
2025-05-15 13:43:05,520 - mobula_client - INFO - Cliente Mobula inicializado correctamente
2025-05-15 13:43:06,307 - mobula_client - INFO - Cliente Mobula inicializado correctamente
2025-05-15 13:43:10,220 - mobula_client - INFO - Cliente Mobula inicializado correctamente
2025-05-15 13:43:11,181 - mobula_client - INFO - Cliente Mobula inicializado correctamente
2025-05-15 13:43:11,235 - mobula_client - INFO - Cliente Mobula inicializado correctamente
2025-05-15 13:44:19,266 - mobula_client - INFO - Cliente Mobula inicializado correctamente
2025-05-15 13:44:19,967 - mobula_client - INFO - Cliente Mobula inicializado correctamente
2025-05-15 13:44:33,967 - mobula_client - INFO - Cliente Mobula inicializado correctamente
2025-05-15 13:44:35,210 - mobula_client - INFO - Cliente Mobula inicializado correctamente
2025-05-15 13:44:35,270 - mobula_client - INFO - Cliente Mobula inicializado correctamente
2025-05-15 13:44:41,360 - mobula_client - INFO - Cliente Mobula inicializado correctamente
2025-05-15 13:44:42,633 - mobula_client - INFO - Cliente Mobula inicializado correctamente
2025-05-15 13:44:43,711 - mobula_client - INFO - Cliente Mobula inicializado correctamente
2025-05-15 13:44:45,630 - mobula_client - INFO - Cliente Mobula inicializado correctamente
2025-05-15 13:45:09,962 - mobula_client - INFO - Cliente Mobula inicializado correctamente
2025-05-15 13:45:15,710 - mobula_client - INFO - Cliente Mobula inicializado correctamente
2025-05-15 13:45:20,508 - mobula_client - INFO - Cliente Mobula inicializado correctamente
2025-05-15 13:45:40,170 - mobula_client - INFO - Cliente Mobula inicializado correctamente
2025-05-15 13:45:41,255 - mobula_client - INFO - Cliente Mobula inicializado correctamente
2025-05-15 13:45:53,436 - mobula_client - INFO - Cliente Mobula inicializado correctamente
2025-05-15 13:45:53,525 - mobula_client - INFO - Cliente Mobula inicializado correctamente
2025-05-15 13:45:59,248 - mobula_client - INFO - Cliente Mobula inicializado correctamente
2025-05-15 13:45:59,323 - mobula_client - INFO - Cliente Mobula inicializado correctamente
2025-05-15 13:46:30,278 - mobula_client - INFO - Cliente Mobula inicializado correctamente
2025-05-15 13:46:39,233 - mobula_client - INFO - Obtenidos 27804 tokens desde Mobula usando /all endpoint
2025-05-15 13:46:58,121 - mobula_client - INFO - Cliente Mobula inicializado correctamente
2025-05-15 13:46:58,215 - mobula_client - INFO - Cliente Mobula inicializado correctamente
2025-05-15 13:47:16,527 - mobula_client - INFO - Cliente Mobula inicializado correctamente
2025-05-15 13:47:44,899 - mobula_client - INFO - Cliente Mobula inicializado correctamente
2025-05-15 13:48:49,885 - mobula_client - INFO - Cliente Mobula inicializado correctamente
2025-05-15 13:48:49,966 - mobula_client - INFO - Cliente Mobula inicializado correctamente
2025-05-15 13:48:55,406 - mobula_client - INFO - Cliente Mobula inicializado correctamente
2025-05-15 13:48:55,475 - mobula_client - INFO - Cliente Mobula inicializado correctamente
2025-05-15 13:49:22,305 - mobula_client - INFO - Cliente Mobula inicializado correctamente
2025-05-15 13:50:00,521 - mobula_client - INFO - Cliente Mobula inicializado correctamente
2025-05-15 13:50:10,534 - mobula_client - INFO - Cliente Mobula inicializado correctamente
2025-05-15 13:50:20,382 - mobula_client - INFO - Cliente Mobula inicializado correctamente
2025-05-15 13:50:24,152 - mobula_client - INFO - Cliente Mobula inicializado correctamente
2025-05-15 13:50:44,346 - mobula_client - INFO - Cliente Mobula inicializado correctamente
2025-05-15 13:50:44,420 - mobula_client - INFO - Cliente Mobula inicializado correctamente
2025-05-15 13:51:28,654 - mobula_client - INFO - Cliente Mobula inicializado correctamente
2025-05-15 13:51:28,746 - mobula_client - INFO - Cliente Mobula inicializado correctamente
2025-05-15 13:51:47,273 - mobula_client - INFO - Cliente Mobula inicializado correctamente
2025-05-15 13:51:47,353 - mobula_client - INFO - Cliente Mobula inicializado correctamente
2025-05-15 13:51:52,410 - mobula_client - INFO - Cliente Mobula inicializado correctamente
2025-05-15 14:56:23,404 - mobula_client - INFO - Cliente Mobula inicializado correctamente
2025-05-15 15:00:05,034 - mobula_client - INFO - Cliente Mobula inicializado correctamente
2025-05-15 15:05:59,015 - mobula_client - INFO - Cliente Mobula inicializado correctamente
2025-05-15 15:06:01,643 - mobula_client - INFO - Cliente Mobula inicializado correctamente
2025-05-15 15:08:28,994 - mobula_client - INFO - Cliente Mobula inicializado correctamente
2025-05-15 15:08:33,228 - mobula_client - INFO - Cliente Mobula inicializado correctamente
2025-05-15 15:08:39,962 - mobula_client - INFO - Cliente Mobula inicializado correctamente
2025-05-15 15:08:43,483 - mobula_client - INFO - Cliente Mobula inicializado correctamente
2025-05-15 15:08:45,570 - mobula_client - INFO - Cliente Mobula inicializado correctamente
2025-05-15 15:09:14,090 - mobula_client - INFO - Cliente Mobula inicializado correctamente
2025-05-15 15:09:16,699 - mobula_client - INFO - Cliente Mobula inicializado correctamente
2025-05-15 15:09:23,201 - mobula_client - INFO - Cliente Mobula inicializado correctamente
2025-05-15 15:09:27,674 - mobula_client - INFO - Cliente Mobula inicializado correctamente
2025-05-15 15:09:29,803 - mobula_client - INFO - Cliente Mobula inicializado correctamente
2025-05-15 15:09:36,034 - mobula_client - INFO - Cliente Mobula inicializado correctamente
2025-05-15 15:10:02,155 - mobula_client - INFO - Cliente Mobula inicializado correctamente
2025-05-15 15:10:17,018 - mobula_client - INFO - Cliente Mobula inicializado correctamente
2025-05-15 15:11:13,489 - mobula_client - INFO - Cliente Mobula inicializado correctamente
2025-05-15 15:12:28,564 - mobula_client - INFO - Cliente Mobula inicializado correctamente
2025-05-15 15:12:41,737 - mobula_client - INFO - Cliente Mobula inicializado correctamente
2025-05-15 15:12:43,633 - mobula_client - INFO - Cliente Mobula inicializado correctamente
2025-05-15 15:12:43,807 - mobula_client - INFO - Cliente Mobula inicializado correctamente
2025-05-15 15:13:17,826 - mobula_client - INFO - Cliente Mobula inicializado correctamente
2025-05-15 15:13:21,491 - mobula_client - INFO - Cliente Mobula inicializado correctamente
2025-05-15 15:13:29,554 - mobula_client - INFO - Cliente Mobula inicializado correctamente
2025-05-15 15:13:36,666 - mobula_client - INFO - Cliente Mobula inicializado correctamente
2025-05-15 15:13:46,373 - mobula_client - INFO - Cliente Mobula inicializado correctamente
2025-05-15 15:13:48,631 - mobula_client - INFO - Cliente Mobula inicializado correctamente
2025-05-15 15:14:01,460 - mobula_client - INFO - Cliente Mobula inicializado correctamente
2025-05-15 15:14:11,388 - mobula_client - INFO - Obtenidos 27812 tokens desde Mobula usando /all endpoint
2025-05-15 15:14:28,967 - mobula_client - INFO - Cliente Mobula inicializado correctamente
2025-05-15 15:14:31,181 - mobula_client - INFO - Cliente Mobula inicializado correctamente
2025-05-15 15:14:58,661 - mobula_client - INFO - Cliente Mobula inicializado correctamente
2025-05-15 15:15:09,492 - mobula_client - INFO - Cliente Mobula inicializado correctamente
2025-05-15 15:52:43,582 - mobula_client - INFO - Cliente Mobula inicializado correctamente
2025-05-15 15:52:46,289 - mobula_client - INFO - Cliente Mobula inicializado correctamente
2025-05-15 15:52:55,954 - mobula_client - INFO - Cliente Mobula inicializado correctamente
2025-05-15 15:52:59,005 - mobula_client - INFO - Cliente Mobula inicializado correctamente
2025-05-15 15:53:01,178 - mobula_client - INFO - Cliente Mobula inicializado correctamente
2025-05-15 15:53:08,457 - mobula_client - INFO - Cliente Mobula inicializado correctamente
2025-05-15 15:53:17,528 - mobula_client - INFO - Cliente Mobula inicializado correctamente
2025-05-15 15:53:21,975 - mobula_client - INFO - Cliente Mobula inicializado correctamente
2025-05-15 15:53:23,681 - mobula_client - INFO - Cliente Mobula inicializado correctamente
2025-05-15 15:53:25,651 - mobula_client - INFO - Cliente Mobula inicializado correctamente
2025-05-15 15:54:03,528 - mobula_client - INFO - Cliente Mobula inicializado correctamente
2025-05-15 15:54:05,703 - mobula_client - INFO - Cliente Mobula inicializado correctamente
2025-05-15 15:54:17,315 - mobula_client - INFO - Cliente Mobula inicializado correctamente
2025-05-15 15:54:26,307 - mobula_client - INFO - Obtenidos 27812 tokens desde Mobula usando /all endpoint
2025-05-15 15:54:36,283 - mobula_client - INFO - Cliente Mobula inicializado correctamente
2025-05-15 15:54:38,445 - mobula_client - INFO - Cliente Mobula inicializado correctamente
2025-05-15 15:54:49,109 - mobula_client - INFO - Cliente Mobula inicializado correctamente
2025-05-15 16:11:12,556 - mobula_client - INFO - Cliente Mobula inicializado correctamente
2025-05-15 16:15:52,461 - mobula_client - INFO - Cliente Mobula inicializado correctamente
2025-05-15 16:24:04,966 - mobula_client - INFO - Cliente Mobula inicializado correctamente
2025-05-15 16:24:07,551 - mobula_client - INFO - Cliente Mobula inicializado correctamente
2025-05-15 16:24:14,935 - mobula_client - INFO - Cliente Mobula inicializado correctamente
2025-05-15 16:24:18,910 - mobula_client - INFO - Cliente Mobula inicializado correctamente
2025-05-15 16:24:21,065 - mobula_client - INFO - Cliente Mobula inicializado correctamente
2025-05-15 16:24:47,458 - mobula_client - INFO - Cliente Mobula inicializado correctamente
2025-05-15 16:24:50,097 - mobula_client - INFO - Cliente Mobula inicializado correctamente
2025-05-15 16:24:58,356 - mobula_client - INFO - Cliente Mobula inicializado correctamente
2025-05-15 16:25:03,768 - mobula_client - INFO - Cliente Mobula inicializado correctamente
2025-05-15 16:25:05,886 - mobula_client - INFO - Cliente Mobula inicializado correctamente
2025-05-15 16:25:09,699 - mobula_client - INFO - Cliente Mobula inicializado correctamente
2025-05-15 16:25:17,288 - mobula_client - INFO - Cliente Mobula inicializado correctamente
2025-05-15 16:25:20,414 - mobula_client - INFO - Cliente Mobula inicializado correctamente
2025-05-15 16:25:29,352 - mobula_client - INFO - Cliente Mobula inicializado correctamente
2025-05-15 16:25:50,075 - mobula_client - INFO - Cliente Mobula inicializado correctamente
2025-05-15 16:26:07,231 - mobula_client - INFO - Cliente Mobula inicializado correctamente
2025-05-15 16:26:09,369 - mobula_client - INFO - Cliente Mobula inicializado correctamente
2025-05-15 16:26:16,626 - mobula_client - INFO - Cliente Mobula inicializado correctamente
2025-05-15 16:26:30,104 - mobula_client - INFO - Obtenidos 27812 tokens desde Mobula usando /all endpoint
2025-05-15 16:26:42,827 - mobula_client - INFO - Cliente Mobula inicializado correctamente
2025-05-15 16:26:44,940 - mobula_client - INFO - Cliente Mobula inicializado correctamente
2025-05-15 16:26:52,686 - mobula_client - INFO - Cliente Mobula inicializado correctamente
2025-05-15 16:41:13,385 - mobula_client - INFO - Cliente Mobula inicializado correctamente
2025-05-15 16:41:15,948 - mobula_client - INFO - Cliente Mobula inicializado correctamente
2025-05-15 16:41:22,141 - mobula_client - INFO - Cliente Mobula inicializado correctamente
2025-05-15 16:41:40,380 - mobula_client - INFO - Cliente Mobula inicializado correctamente
2025-05-15 16:41:42,492 - mobula_client - INFO - Cliente Mobula inicializado correctamente
2025-05-15 16:41:48,481 - mobula_client - INFO - Cliente Mobula inicializado correctamente
2025-05-15 16:41:58,574 - mobula_client - INFO - Cliente Mobula inicializado correctamente
2025-05-15 16:42:06,183 - mobula_client - INFO - Cliente Mobula inicializado correctamente
2025-05-15 16:42:16,869 - mobula_client - INFO - Cliente Mobula inicializado correctamente
2025-05-15 16:42:29,879 - mobula_client - INFO - Cliente Mobula inicializado correctamente
2025-05-15 16:42:32,027 - mobula_client - INFO - Cliente Mobula inicializado correctamente
2025-05-15 16:42:42,121 - mobula_client - INFO - Cliente Mobula inicializado correctamente
2025-05-15 16:42:48,974 - mobula_client - INFO - Obtenidos 27812 tokens desde Mobula usando /all endpoint
2025-05-15 16:42:59,261 - mobula_client - INFO - Cliente Mobula inicializado correctamente
2025-05-15 16:43:01,405 - mobula_client - INFO - Cliente Mobula inicializado correctamente
2025-05-15 16:43:10,733 - mobula_client - INFO - Cliente Mobula inicializado correctamente
2025-05-15 16:45:00,255 - mobula_client - INFO - Cliente Mobula inicializado correctamente
2025-05-15 16:45:02,959 - mobula_client - INFO - Cliente Mobula inicializado correctamente
2025-05-15 16:45:08,462 - mobula_client - INFO - Cliente Mobula inicializado correctamente
2025-05-15 16:45:11,346 - mobula_client - INFO - Cliente Mobula inicializado correctamente
2025-05-15 16:45:13,549 - mobula_client - INFO - Cliente Mobula inicializado correctamente
2025-05-15 16:45:16,747 - mobula_client - INFO - Cliente Mobula inicializado correctamente
2025-05-15 16:45:29,047 - mobula_client - INFO - Cliente Mobula inicializado correctamente
2025-05-15 16:45:31,819 - mobula_client - INFO - Cliente Mobula inicializado correctamente
2025-05-15 16:45:47,017 - mobula_client - INFO - Cliente Mobula inicializado correctamente
2025-05-15 16:46:06,501 - mobula_client - INFO - Cliente Mobula inicializado correctamente
2025-05-15 16:46:08,655 - mobula_client - INFO - Cliente Mobula inicializado correctamente
2025-05-15 16:46:19,876 - mobula_client - INFO - Cliente Mobula inicializado correctamente
2025-05-15 16:46:41,375 - mobula_client - ERROR - Error en obtener_tokens_top (usando /all): HTTPSConnectionPool(host='api.mobula.io', port=443): Read timed out.
Traceback (most recent call last):
  File "C:\Users\zamor\Bot_Arbitraje_Triangular_v2_CLINE\.venv\Lib\site-packages\urllib3\response.py", line 754, in _error_catcher
    yield
  File "C:\Users\zamor\Bot_Arbitraje_Triangular_v2_CLINE\.venv\Lib\site-packages\urllib3\response.py", line 1222, in read_chunked
    chunk = self._handle_chunk(amt)
  File "C:\Users\zamor\Bot_Arbitraje_Triangular_v2_CLINE\.venv\Lib\site-packages\urllib3\response.py", line 1159, in _handle_chunk
    value = self._fp._safe_read(amt)  # type: ignore[union-attr]
  File "C:\Users\zamor\AppData\Local\Programs\Python\Python313\Lib\http\client.py", line 642, in _safe_read
    data = self.fp.read(amt)
  File "C:\Users\zamor\AppData\Local\Programs\Python\Python313\Lib\socket.py", line 719, in readinto
    return self._sock.recv_into(b)
           ~~~~~~~~~~~~~~~~~~~~^^^
  File "C:\Users\zamor\AppData\Local\Programs\Python\Python313\Lib\ssl.py", line 1304, in recv_into
    return self.read(nbytes, buffer)
           ~~~~~~~~~^^^^^^^^^^^^^^^^
  File "C:\Users\zamor\AppData\Local\Programs\Python\Python313\Lib\ssl.py", line 1138, in read
    return self._sslobj.read(len, buffer)
           ~~~~~~~~~~~~~~~~~^^^^^^^^^^^^^
TimeoutError: The read operation timed out

The above exception was the direct cause of the following exception:

Traceback (most recent call last):
  File "C:\Users\zamor\Bot_Arbitraje_Triangular_v2_CLINE\.venv\Lib\site-packages\requests\models.py", line 820, in generate
    yield from self.raw.stream(chunk_size, decode_content=True)
  File "C:\Users\zamor\Bot_Arbitraje_Triangular_v2_CLINE\.venv\Lib\site-packages\urllib3\response.py", line 1063, in stream
    yield from self.read_chunked(amt, decode_content=decode_content)
  File "C:\Users\zamor\Bot_Arbitraje_Triangular_v2_CLINE\.venv\Lib\site-packages\urllib3\response.py", line 1202, in read_chunked
    with self._error_catcher():
         ~~~~~~~~~~~~~~~~~~~^^
  File "C:\Users\zamor\AppData\Local\Programs\Python\Python313\Lib\contextlib.py", line 162, in __exit__
    self.gen.throw(value)
    ~~~~~~~~~~~~~~^^^^^^^
  File "C:\Users\zamor\Bot_Arbitraje_Triangular_v2_CLINE\.venv\Lib\site-packages\urllib3\response.py", line 759, in _error_catcher
    raise ReadTimeoutError(self._pool, None, "Read timed out.") from e  # type: ignore[arg-type]
    ^^^^^^^^^^^^^^^^^^^^^^^^^^^^^^^^^^^^^^^^^^^^^^^^^^^^^^^^^^^^^^^^^^
urllib3.exceptions.ReadTimeoutError: HTTPSConnectionPool(host='api.mobula.io', port=443): Read timed out.

During handling of the above exception, another exception occurred:

Traceback (most recent call last):
  File "C:\Users\zamor\Bot_Arbitraje_Triangular_v2_CLINE\src\apis\mobula_client.py", line 52, in obtener_tokens_top
    response = requests.get(
        f"{self.base_url}{endpoint}",
    ...<2 lines>...
        timeout=self.timeout
    )
  File "C:\Users\zamor\Bot_Arbitraje_Triangular_v2_CLINE\.venv\Lib\site-packages\requests\api.py", line 73, in get
    return request("get", url, params=params, **kwargs)
  File "C:\Users\zamor\Bot_Arbitraje_Triangular_v2_CLINE\.venv\Lib\site-packages\requests\api.py", line 59, in request
    return session.request(method=method, url=url, **kwargs)
           ~~~~~~~~~~~~~~~^^^^^^^^^^^^^^^^^^^^^^^^^^^^^^^^^^
  File "C:\Users\zamor\Bot_Arbitraje_Triangular_v2_CLINE\.venv\Lib\site-packages\requests\sessions.py", line 589, in request
    resp = self.send(prep, **send_kwargs)
  File "C:\Users\zamor\Bot_Arbitraje_Triangular_v2_CLINE\.venv\Lib\site-packages\requests\sessions.py", line 746, in send
    r.content
  File "C:\Users\zamor\Bot_Arbitraje_Triangular_v2_CLINE\.venv\Lib\site-packages\requests\models.py", line 902, in content
    self._content = b"".join(self.iter_content(CONTENT_CHUNK_SIZE)) or b""
                    ~~~~~~~~^^^^^^^^^^^^^^^^^^^^^^^^^^^^^^^^^^^^^^^
  File "C:\Users\zamor\Bot_Arbitraje_Triangular_v2_CLINE\.venv\Lib\site-packages\requests\models.py", line 826, in generate
    raise ConnectionError(e)
requests.exceptions.ConnectionError: HTTPSConnectionPool(host='api.mobula.io', port=443): Read timed out.
2025-05-15 16:49:13,296 - mobula_client - INFO - Cliente Mobula inicializado correctamente
2025-05-15 16:49:15,460 - mobula_client - INFO - Cliente Mobula inicializado correctamente
2025-05-15 16:49:21,604 - mobula_client - INFO - Cliente Mobula inicializado correctamente
2025-05-15 16:49:25,636 - mobula_client - INFO - Cliente Mobula inicializado correctamente
2025-05-15 16:49:27,817 - mobula_client - INFO - Cliente Mobula inicializado correctamente
2025-05-15 16:49:34,699 - mobula_client - INFO - Cliente Mobula inicializado correctamente
2025-05-15 16:49:38,507 - mobula_client - INFO - Obtenidos 27812 tokens desde Mobula usando /all endpoint
2025-05-15 16:49:48,172 - mobula_client - INFO - Cliente Mobula inicializado correctamente
2025-05-15 16:49:50,357 - mobula_client - INFO - Cliente Mobula inicializado correctamente
2025-05-15 16:49:58,082 - mobula_client - INFO - Cliente Mobula inicializado correctamente
2025-05-15 19:57:25,445 - mobula_client - INFO - Cliente Mobula inicializado correctamente
2025-05-15 19:57:29,812 - mobula_client - INFO - Cliente Mobula inicializado correctamente
2025-05-15 19:57:38,538 - mobula_client - INFO - Cliente Mobula inicializado correctamente
2025-05-15 19:57:42,210 - mobula_client - INFO - Cliente Mobula inicializado correctamente
2025-05-15 19:57:44,313 - mobula_client - INFO - Cliente Mobula inicializado correctamente
2025-05-15 19:58:59,048 - mobula_client - INFO - Cliente Mobula inicializado correctamente
2025-05-15 20:00:14,578 - mobula_client - INFO - Cliente Mobula inicializado correctamente
2025-05-15 20:00:18,746 - mobula_client - INFO - Cliente Mobula inicializado correctamente
2025-05-15 20:00:49,025 - mobula_client - INFO - Cliente Mobula inicializado correctamente
2025-05-15 20:00:51,584 - mobula_client - INFO - Cliente Mobula inicializado correctamente
2025-05-15 20:01:03,808 - mobula_client - INFO - Cliente Mobula inicializado correctamente
2025-05-15 20:01:08,600 - mobula_client - INFO - Obtenidos 27812 tokens desde Mobula usando /all endpoint
2025-05-15 20:01:17,234 - mobula_client - INFO - Cliente Mobula inicializado correctamente
2025-05-15 20:01:19,870 - mobula_client - INFO - Cliente Mobula inicializado correctamente
2025-05-15 20:01:42,391 - mobula_client - INFO - Cliente Mobula inicializado correctamente
2025-05-15 20:02:42,031 - mobula_client - INFO - Cliente Mobula inicializado correctamente
2025-05-15 20:02:44,347 - mobula_client - INFO - Cliente Mobula inicializado correctamente
2025-05-15 20:16:19,487 - mobula_client - INFO - Cliente Mobula inicializado correctamente
2025-05-15 20:16:22,079 - mobula_client - INFO - Cliente Mobula inicializado correctamente
2025-05-15 20:16:27,060 - mobula_client - INFO - Cliente Mobula inicializado correctamente
2025-05-15 20:16:31,148 - mobula_client - INFO - Cliente Mobula inicializado correctamente
2025-05-15 20:16:33,320 - mobula_client - INFO - Cliente Mobula inicializado correctamente
2025-05-15 20:16:43,963 - mobula_client - INFO - Cliente Mobula inicializado correctamente
2025-05-15 20:17:05,946 - mobula_client - INFO - Cliente Mobula inicializado correctamente
2025-05-15 20:17:08,404 - mobula_client - INFO - Cliente Mobula inicializado correctamente
2025-05-15 20:17:17,761 - mobula_client - INFO - Cliente Mobula inicializado correctamente
2025-05-15 20:17:19,987 - mobula_client - INFO - Cliente Mobula inicializado correctamente
2025-05-15 20:17:30,086 - mobula_client - INFO - Cliente Mobula inicializado correctamente
2025-05-15 20:17:35,599 - mobula_client - INFO - Obtenidos 27820 tokens desde Mobula usando /all endpoint
2025-05-15 20:17:47,298 - mobula_client - INFO - Cliente Mobula inicializado correctamente
2025-05-15 20:17:49,494 - mobula_client - INFO - Cliente Mobula inicializado correctamente
2025-05-15 20:18:03,886 - mobula_client - INFO - Cliente Mobula inicializado correctamente
2025-05-15 20:18:17,290 - mobula_client - INFO - Cliente Mobula inicializado correctamente
2025-05-15 20:18:19,437 - mobula_client - INFO - Cliente Mobula inicializado correctamente
2025-05-15 20:18:33,782 - mobula_client - INFO - Cliente Mobula inicializado correctamente
2025-05-15 20:18:39,374 - mobula_client - INFO - Cliente Mobula inicializado correctamente
2025-05-15 20:18:48,833 - mobula_client - INFO - Cliente Mobula inicializado correctamente
2025-05-15 20:18:49,719 - mobula_client - INFO - Cliente Mobula inicializado correctamente
2025-05-15 20:18:50,171 - mobula_client - INFO - Cliente Mobula inicializado correctamente
2025-05-15 20:18:50,828 - mobula_client - INFO - Cliente Mobula inicializado correctamente
2025-05-15 20:19:06,376 - mobula_client - INFO - Cliente Mobula inicializado correctamente
2025-05-15 20:19:08,519 - mobula_client - INFO - Cliente Mobula inicializado correctamente
2025-05-15 20:19:19,636 - mobula_client - INFO - Cliente Mobula inicializado correctamente
2025-05-15 20:19:21,852 - mobula_client - INFO - Cliente Mobula inicializado correctamente
2025-05-15 20:19:27,256 - mobula_client - INFO - Cliente Mobula inicializado correctamente
2025-05-15 20:19:29,464 - mobula_client - INFO - Cliente Mobula inicializado correctamente
2025-05-15 20:20:54,405 - mobula_client - INFO - Cliente Mobula inicializado correctamente
2025-05-15 20:21:57,176 - mobula_client - INFO - Cliente Mobula inicializado correctamente
2025-05-15 20:21:59,473 - mobula_client - INFO - Cliente Mobula inicializado correctamente
2025-05-15 20:22:55,462 - mobula_client - INFO - Cliente Mobula inicializado correctamente
2025-05-15 20:24:13,358 - mobula_client - INFO - Cliente Mobula inicializado correctamente
2025-05-15 20:24:15,531 - mobula_client - INFO - Cliente Mobula inicializado correctamente
2025-05-15 20:24:32,986 - mobula_client - INFO - Cliente Mobula inicializado correctamente
2025-05-15 20:24:35,212 - mobula_client - INFO - Cliente Mobula inicializado correctamente
2025-05-15 20:24:48,525 - mobula_client - INFO - Cliente Mobula inicializado correctamente
2025-05-15 20:24:56,459 - mobula_client - INFO - Cliente Mobula inicializado correctamente
2025-05-15 20:25:00,213 - mobula_client - INFO - Cliente Mobula inicializado correctamente
2025-05-15 20:25:10,050 - mobula_client - INFO - Cliente Mobula inicializado correctamente
2025-05-15 20:25:15,597 - mobula_client - INFO - Cliente Mobula inicializado correctamente
2025-05-15 20:25:39,241 - mobula_client - INFO - Cliente Mobula inicializado correctamente
2025-05-15 20:25:40,730 - mobula_client - INFO - Cliente Mobula inicializado correctamente
2025-05-15 20:25:41,034 - mobula_client - INFO - Cliente Mobula inicializado correctamente
2025-05-15 20:25:41,100 - mobula_client - INFO - Cliente Mobula inicializado correctamente
2025-05-15 20:25:42,173 - mobula_client - INFO - Cliente Mobula inicializado correctamente
2025-05-15 20:25:42,836 - mobula_client - INFO - Cliente Mobula inicializado correctamente
2025-05-15 20:25:43,435 - mobula_client - INFO - Cliente Mobula inicializado correctamente
2025-05-15 20:25:44,464 - mobula_client - INFO - Cliente Mobula inicializado correctamente
2025-05-15 20:25:45,223 - mobula_client - INFO - Cliente Mobula inicializado correctamente
2025-05-15 20:25:49,523 - mobula_client - INFO - Cliente Mobula inicializado correctamente
2025-05-15 20:26:13,090 - mobula_client - INFO - Cliente Mobula inicializado correctamente
2025-05-15 20:26:13,091 - mobula_client - INFO - Cliente Mobula inicializado correctamente
2025-05-15 20:26:14,308 - mobula_client - INFO - Cliente Mobula inicializado correctamente
2025-05-15 20:26:21,770 - mobula_client - INFO - Cliente Mobula inicializado correctamente
2025-05-15 20:26:23,984 - mobula_client - INFO - Cliente Mobula inicializado correctamente
2025-05-15 20:26:36,134 - mobula_client - INFO - Cliente Mobula inicializado correctamente
2025-05-15 20:26:47,565 - mobula_client - INFO - Cliente Mobula inicializado correctamente
2025-05-15 20:26:49,789 - mobula_client - INFO - Cliente Mobula inicializado correctamente
2025-05-15 20:27:00,841 - mobula_client - INFO - Cliente Mobula inicializado correctamente
2025-05-15 20:27:26,689 - mobula_client - INFO - Cliente Mobula inicializado correctamente
2025-05-15 20:27:28,874 - mobula_client - INFO - Cliente Mobula inicializado correctamente
2025-05-15 20:28:09,919 - mobula_client - INFO - Cliente Mobula inicializado correctamente
2025-05-15 20:28:11,853 - mobula_client - INFO - Cliente Mobula inicializado correctamente
2025-05-15 20:28:20,078 - mobula_client - INFO - Cliente Mobula inicializado correctamente
2025-05-15 20:28:38,785 - mobula_client - INFO - Cliente Mobula inicializado correctamente
2025-05-15 20:28:51,583 - mobula_client - INFO - Cliente Mobula inicializado correctamente
2025-05-15 20:28:55,884 - mobula_client - INFO - Cliente Mobula inicializado correctamente
2025-05-15 20:29:07,311 - mobula_client - INFO - Cliente Mobula inicializado correctamente
2025-05-15 20:29:13,655 - mobula_client - INFO - Cliente Mobula inicializado correctamente
2025-05-15 20:29:21,514 - mobula_client - INFO - Cliente Mobula inicializado correctamente
2025-05-15 20:29:25,016 - mobula_client - INFO - Cliente Mobula inicializado correctamente
2025-05-15 20:29:26,282 - mobula_client - INFO - Cliente Mobula inicializado correctamente
2025-05-15 20:29:30,281 - mobula_client - INFO - Cliente Mobula inicializado correctamente
2025-05-15 20:29:32,581 - mobula_client - INFO - Cliente Mobula inicializado correctamente
2025-05-15 20:29:41,153 - mobula_client - INFO - Cliente Mobula inicializado correctamente
2025-05-15 20:35:21,698 - mobula_client - INFO - Cliente Mobula inicializado correctamente
2025-05-15 20:35:24,031 - mobula_client - INFO - Cliente Mobula inicializado correctamente
2025-05-15 20:35:36,311 - mobula_client - INFO - Cliente Mobula inicializado correctamente
2025-05-15 21:06:39,049 - mobula_client - INFO - Cliente Mobula inicializado correctamente
2025-05-15 21:06:41,738 - mobula_client - INFO - Cliente Mobula inicializado correctamente
2025-05-15 21:06:46,755 - mobula_client - INFO - Cliente Mobula inicializado correctamente
2025-05-15 21:06:50,660 - mobula_client - INFO - Cliente Mobula inicializado correctamente
2025-05-15 21:06:52,758 - mobula_client - INFO - Cliente Mobula inicializado correctamente
2025-05-15 21:07:01,054 - mobula_client - INFO - Cliente Mobula inicializado correctamente
2025-05-15 21:07:19,129 - mobula_client - INFO - Cliente Mobula inicializado correctamente
2025-05-15 21:07:24,815 - mobula_client - INFO - Cliente Mobula inicializado correctamente
2025-05-15 21:07:31,443 - mobula_client - INFO - Cliente Mobula inicializado correctamente
2025-05-15 21:08:13,886 - mobula_client - INFO - Cliente Mobula inicializado correctamente
2025-05-15 21:08:21,433 - mobula_client - INFO - Cliente Mobula inicializado correctamente
2025-05-15 21:08:35,425 - mobula_client - INFO - Cliente Mobula inicializado correctamente
2025-05-15 21:08:37,799 - mobula_client - INFO - Cliente Mobula inicializado correctamente
2025-05-15 21:08:54,822 - mobula_client - INFO - Cliente Mobula inicializado correctamente
2025-05-15 21:08:58,762 - mobula_client - INFO - Obtenidos 27820 tokens desde Mobula usando /all endpoint
2025-05-15 21:09:25,561 - mobula_client - INFO - Cliente Mobula inicializado correctamente
2025-05-15 21:09:27,700 - mobula_client - INFO - Cliente Mobula inicializado correctamente
2025-05-15 21:09:42,852 - mobula_client - INFO - Cliente Mobula inicializado correctamente
2025-05-15 21:10:13,737 - mobula_client - INFO - Cliente Mobula inicializado correctamente
2025-05-15 21:10:29,539 - mobula_client - INFO - Cliente Mobula inicializado correctamente
2025-05-15 21:10:32,080 - mobula_client - INFO - Cliente Mobula inicializado correctamente
2025-05-15 21:12:28,092 - mobula_client - INFO - Cliente Mobula inicializado correctamente
2025-05-15 21:13:00,118 - mobula_client - INFO - Cliente Mobula inicializado correctamente
2025-05-15 21:13:03,019 - mobula_client - INFO - Cliente Mobula inicializado correctamente
2025-05-15 21:13:47,367 - mobula_client - INFO - Cliente Mobula inicializado correctamente
2025-05-15 21:13:49,902 - mobula_client - INFO - Cliente Mobula inicializado correctamente
2025-05-15 21:14:03,812 - mobula_client - INFO - Cliente Mobula inicializado correctamente
2025-05-15 21:14:05,959 - mobula_client - INFO - Cliente Mobula inicializado correctamente
2025-05-15 21:14:14,348 - mobula_client - INFO - Cliente Mobula inicializado correctamente
2025-05-15 21:14:16,803 - mobula_client - INFO - Cliente Mobula inicializado correctamente
2025-05-15 21:14:26,162 - mobula_client - INFO - Cliente Mobula inicializado correctamente
2025-05-15 21:16:04,730 - mobula_client - INFO - Cliente Mobula inicializado correctamente
2025-05-15 21:16:07,034 - mobula_client - INFO - Cliente Mobula inicializado correctamente
2025-05-15 21:16:28,215 - mobula_client - INFO - Cliente Mobula inicializado correctamente
2025-05-15 21:16:43,070 - mobula_client - INFO - Cliente Mobula inicializado correctamente
2025-05-15 21:17:05,952 - mobula_client - INFO - Cliente Mobula inicializado correctamente
2025-05-15 21:17:08,305 - mobula_client - INFO - Cliente Mobula inicializado correctamente
2025-05-15 21:17:30,495 - mobula_client - INFO - Cliente Mobula inicializado correctamente
2025-05-15 21:17:42,016 - mobula_client - INFO - Cliente Mobula inicializado correctamente
2025-05-15 21:18:08,978 - mobula_client - INFO - Cliente Mobula inicializado correctamente
2025-05-15 21:18:11,387 - mobula_client - INFO - Cliente Mobula inicializado correctamente
2025-05-15 21:18:49,373 - mobula_client - INFO - Cliente Mobula inicializado correctamente
2025-05-15 23:37:38,761 - mobula_client - INFO - Cliente Mobula inicializado correctamente
2025-05-15 23:37:43,349 - mobula_client - INFO - Cliente Mobula inicializado correctamente
2025-05-15 23:37:50,786 - mobula_client - INFO - Cliente Mobula inicializado correctamente
2025-05-15 23:59:51,052 - mobula_client - INFO - Cliente Mobula inicializado correctamente
2025-05-15 23:59:54,363 - mobula_client - INFO - Cliente Mobula inicializado correctamente
2025-05-16 00:00:07,082 - mobula_client - INFO - Cliente Mobula inicializado correctamente
2025-05-16 00:00:17,474 - mobula_client - INFO - Cliente Mobula inicializado correctamente
2025-05-16 00:00:21,255 - mobula_client - INFO - Cliente Mobula inicializado correctamente
2025-05-16 00:00:30,578 - mobula_client - INFO - Cliente Mobula inicializado correctamente
2025-05-16 00:00:32,818 - mobula_client - INFO - Cliente Mobula inicializado correctamente
2025-05-16 00:00:39,195 - mobula_client - INFO - Cliente Mobula inicializado correctamente
2025-05-16 00:00:41,411 - mobula_client - INFO - Cliente Mobula inicializado correctamente
2025-05-16 00:00:59,836 - mobula_client - INFO - Cliente Mobula inicializado correctamente
2025-05-16 00:01:06,479 - mobula_client - INFO - Obtenidos 27820 tokens desde Mobula usando /all endpoint
2025-05-16 00:01:45,966 - mobula_client - INFO - Cliente Mobula inicializado correctamente
2025-05-16 00:01:48,622 - mobula_client - INFO - Cliente Mobula inicializado correctamente
2025-05-16 00:02:23,998 - mobula_client - INFO - Cliente Mobula inicializado correctamente
2025-05-16 00:03:01,032 - mobula_client - INFO - Cliente Mobula inicializado correctamente
2025-05-16 00:03:03,318 - mobula_client - INFO - Cliente Mobula inicializado correctamente
2025-05-16 00:11:57,137 - mobula_client - INFO - Cliente Mobula inicializado correctamente
2025-05-16 00:11:59,609 - mobula_client - INFO - Cliente Mobula inicializado correctamente
2025-05-16 00:12:14,061 - mobula_client - INFO - Cliente Mobula inicializado correctamente
2025-05-16 00:12:16,172 - mobula_client - INFO - Cliente Mobula inicializado correctamente
2025-05-16 00:12:21,249 - mobula_client - INFO - Cliente Mobula inicializado correctamente
2025-05-16 00:12:33,483 - mobula_client - INFO - Cliente Mobula inicializado correctamente
2025-05-16 00:12:37,762 - mobula_client - INFO - Cliente Mobula inicializado correctamente
2025-05-16 00:12:42,338 - mobula_client - INFO - Cliente Mobula inicializado correctamente
2025-05-16 00:12:47,467 - mobula_client - INFO - Cliente Mobula inicializado correctamente
2025-05-16 00:13:10,560 - mobula_client - INFO - Cliente Mobula inicializado correctamente
2025-05-16 00:13:12,782 - mobula_client - INFO - Cliente Mobula inicializado correctamente
2025-05-16 00:13:20,391 - mobula_client - INFO - Cliente Mobula inicializado correctamente
2025-05-16 00:13:32,078 - mobula_client - INFO - Cliente Mobula inicializado correctamente
2025-05-16 00:13:34,293 - mobula_client - INFO - Cliente Mobula inicializado correctamente
2025-05-16 00:14:05,209 - mobula_client - INFO - Cliente Mobula inicializado correctamente
2025-05-16 00:14:07,522 - mobula_client - INFO - Cliente Mobula inicializado correctamente
2025-05-16 00:14:15,385 - mobula_client - INFO - Cliente Mobula inicializado correctamente
2025-05-16 00:14:17,712 - mobula_client - INFO - Cliente Mobula inicializado correctamente
2025-05-16 00:14:30,204 - mobula_client - INFO - Cliente Mobula inicializado correctamente
2025-05-16 00:14:31,495 - mobula_client - INFO - Cliente Mobula inicializado correctamente
2025-05-16 00:14:45,751 - mobula_client - INFO - Cliente Mobula inicializado correctamente
2025-05-16 00:14:46,799 - mobula_client - INFO - Cliente Mobula inicializado correctamente
2025-05-16 00:15:07,849 - mobula_client - INFO - Cliente Mobula inicializado correctamente
2025-05-16 00:15:16,770 - mobula_client - INFO - Cliente Mobula inicializado correctamente
2025-05-16 00:15:27,858 - mobula_client - INFO - Cliente Mobula inicializado correctamente
2025-05-16 00:15:35,224 - mobula_client - INFO - Cliente Mobula inicializado correctamente
2025-05-16 00:15:39,098 - mobula_client - INFO - Cliente Mobula inicializado correctamente
2025-05-16 00:15:43,045 - mobula_client - INFO - Cliente Mobula inicializado correctamente
2025-05-16 00:15:46,130 - mobula_client - INFO - Cliente Mobula inicializado correctamente
2025-05-16 00:16:25,700 - mobula_client - INFO - Cliente Mobula inicializado correctamente
2025-05-16 00:16:37,836 - mobula_client - INFO - Cliente Mobula inicializado correctamente
2025-05-16 00:16:38,601 - mobula_client - INFO - Cliente Mobula inicializado correctamente
2025-05-16 00:16:38,840 - mobula_client - INFO - Cliente Mobula inicializado correctamente
2025-05-16 00:17:12,462 - mobula_client - INFO - Cliente Mobula inicializado correctamente
2025-05-16 00:17:35,500 - mobula_client - INFO - Cliente Mobula inicializado correctamente
2025-05-16 00:17:36,657 - mobula_client - INFO - Cliente Mobula inicializado correctamente
2025-05-16 00:17:37,475 - mobula_client - INFO - Cliente Mobula inicializado correctamente
2025-05-16 00:17:37,926 - mobula_client - INFO - Cliente Mobula inicializado correctamente
2025-05-16 00:17:38,405 - mobula_client - INFO - Cliente Mobula inicializado correctamente
2025-05-16 00:17:38,491 - mobula_client - INFO - Cliente Mobula inicializado correctamente
2025-05-16 00:17:39,278 - mobula_client - INFO - Cliente Mobula inicializado correctamente
2025-05-16 00:18:04,814 - mobula_client - INFO - Cliente Mobula inicializado correctamente
2025-05-16 00:18:07,263 - mobula_client - INFO - Cliente Mobula inicializado correctamente
2025-05-16 00:18:13,181 - mobula_client - INFO - Cliente Mobula inicializado correctamente
2025-05-16 00:18:21,731 - mobula_client - INFO - Cliente Mobula inicializado correctamente
2025-05-16 00:18:24,481 - mobula_client - INFO - Cliente Mobula inicializado correctamente
2025-05-16 00:18:32,423 - mobula_client - INFO - Cliente Mobula inicializado correctamente
2025-05-16 00:18:34,710 - mobula_client - INFO - Cliente Mobula inicializado correctamente
2025-05-16 00:19:07,076 - mobula_client - INFO - Cliente Mobula inicializado correctamente
2025-05-16 01:20:52,530 - mobula_client - INFO - Cliente Mobula inicializado correctamente
2025-05-16 01:20:53,600 - mobula_client - INFO - Cliente Mobula inicializado correctamente
2025-05-16 01:24:49,974 - mobula_client - INFO - Cliente Mobula inicializado correctamente
2025-05-16 01:47:58,099 - mobula_client - INFO - Cliente Mobula inicializado correctamente
2025-05-16 01:48:28,913 - mobula_client - INFO - Cliente Mobula inicializado correctamente
2025-05-16 01:48:29,286 - mobula_client - INFO - Cliente Mobula inicializado correctamente
