2025-05-13 00:35:38,040 - mobula_client - INFO - Cliente Mobula inicializado correctamente
2025-05-13 00:35:42,926 - mobula_client - ERROR - Error al obtener tokens top de Mobula: 500 - {"statusCode":500,"message":"No results found"}
2025-05-13 00:36:31,980 - mobula_client - INFO - Cliente Mobula inicializado correctamente
2025-05-13 00:36:32,785 - mobula_client - ERROR - Error al obtener tokens top de Mobula: 500 - {"statusCode":500,"message":"No results found"}
2025-05-13 00:50:17,338 - mobula_client - INFO - Cliente Mobula inicializado correctamente
2025-05-13 00:50:18,344 - mobula_client - ERROR - Error al obtener tokens top de Mobula: 500 - {"statusCode":500,"message":"No results found"}
2025-05-13 16:10:34,182 - mobula_client - INFO - Cliente Mobula inicializado correctamente
2025-05-13 16:10:34,183 - mobula_client - INFO - Cliente Mobula inicializado correctamente
2025-05-13 16:11:45,453 - mobula_client - INFO - Cliente Mobula inicializado correctamente
2025-05-13 16:11:45,453 - mobula_client - INFO - Cliente Mobula inicializado correctamente
2025-05-13 16:11:53,427 - mobula_client - ERROR - Error al obtener tokens top de Mobula: 500 - {"statusCode":500,"message":"No results found"}
2025-05-13 16:16:18,047 - mobula_client - INFO - Cliente Mobula inicializado correctamente
2025-05-13 16:16:18,047 - mobula_client - INFO - Cliente Mobula inicializado correctamente
2025-05-13 16:16:19,115 - mobula_client - ERROR - Error al obtener tokens top de Mobula: 500 - {"statusCode":500,"message":"No results found"}
2025-05-13 16:20:10,709 - mobula_client - INFO - Cliente Mobula inicializado correctamente
2025-05-13 16:20:10,709 - mobula_client - INFO - Cliente Mobula inicializado correctamente
2025-05-13 16:23:48,091 - mobula_client - INFO - Cliente Mobula inicializado correctamente
2025-05-13 16:23:48,092 - mobula_client - INFO - Cliente Mobula inicializado correctamente
2025-05-13 16:32:14,070 - mobula_client - INFO - Cliente Mobula inicializado correctamente
2025-05-13 16:32:15,258 - mobula_client - ERROR - Error al obtener tokens top de Mobula: 500 - {"statusCode":500,"message":"No results found"}
2025-05-13 16:53:43,732 - mobula_client - INFO - Cliente Mobula inicializado correctamente
2025-05-13 16:53:43,733 - mobula_client - INFO - Cliente Mobula inicializado correctamente
2025-05-13 16:53:46,669 - mobula_client - ERROR - Fallo en la verificación de conexión con Mobula: Status 404 - {"message":"Cannot GET /api/1/metadata/bitcoin","error":"Not Found","statusCode":404}
2025-05-13 16:54:03,117 - mobula_client - INFO - Cliente Mobula inicializado correctamente
2025-05-13 16:54:03,765 - mobula_client - ERROR - Error al obtener tokens top de Mobula: 500 - {"statusCode":500,"message":"No results found"}
2025-05-13 16:54:38,929 - mobula_client - INFO - Cliente Mobula inicializado correctamente
2025-05-13 16:54:38,930 - mobula_client - INFO - Cliente Mobula inicializado correctamente
2025-05-13 16:54:39,504 - mobula_client - ERROR - Fallo en la verificación de conexión con Mobula: Status 500 - {"statusCode":500,"message":"No results found"}
2025-05-13 16:54:58,691 - mobula_client - INFO - Cliente Mobula inicializado correctamente
2025-05-13 16:54:59,366 - mobula_client - ERROR - Error al obtener tokens top de Mobula: 500 - {"statusCode":500,"message":"No results found"}
2025-05-13 16:57:10,667 - mobula_client - INFO - Cliente Mobula inicializado correctamente
2025-05-13 16:57:10,667 - mobula_client - INFO - Cliente Mobula inicializado correctamente
2025-05-13 16:57:26,388 - mobula_client - INFO - Cliente Mobula inicializado correctamente
2025-05-13 16:57:26,977 - mobula_client - ERROR - Error al obtener tokens top de Mobula: 500 - {"statusCode":500,"message":"No results found"}
2025-05-13 18:41:02,400 - mobula_client - INFO - Cliente Mobula inicializado correctamente
2025-05-13 18:41:02,401 - mobula_client - INFO - Cliente Mobula inicializado correctamente
2025-05-13 18:41:19,098 - mobula_client - INFO - Cliente Mobula inicializado correctamente
2025-05-13 18:41:27,044 - mobula_client - ERROR - Error al obtener tokens top de Mobula: 500 - {"statusCode":500,"message":"No results found"}
2025-05-13 19:14:52,737 - mobula_client - INFO - Cliente Mobula inicializado correctamente
2025-05-13 19:14:52,737 - mobula_client - INFO - Cliente Mobula inicializado correctamente
2025-05-13 19:15:08,936 - mobula_client - INFO - Cliente Mobula inicializado correctamente
2025-05-13 19:15:09,428 - mobula_client - ERROR - Error al obtener tokens top de Mobula: 500 - {"statusCode":500,"message":"No results found"}
2025-05-13 19:37:09,363 - mobula_client - INFO - Cliente Mobula inicializado correctamente
2025-05-13 19:37:09,364 - mobula_client - INFO - Cliente Mobula inicializado correctamente
2025-05-13 19:37:26,219 - mobula_client - INFO - Cliente Mobula inicializado correctamente
2025-05-13 19:37:28,770 - mobula_client - INFO - Obtenidos 27759 tokens desde Mobula usando /all endpoint
